Archive member included to satisfy reference by file (symbol)

/usr/lib/gcc/arm-none-eabi/14.2.0/../../../../arm-none-eabi/lib/thumb/v7e-m+fp/hard/libc_nano.a(libc_a-atexit.o)
                              /usr/lib/gcc/arm-none-eabi/14.2.0/../../../../arm-none-eabi/lib/thumb/v7e-m+fp/hard/crt0.o (atexit)
/usr/lib/gcc/arm-none-eabi/14.2.0/../../../../arm-none-eabi/lib/thumb/v7e-m+fp/hard/libc_nano.a(libc_a-exit.o)
                              /usr/lib/gcc/arm-none-eabi/14.2.0/../../../../arm-none-eabi/lib/thumb/v7e-m+fp/hard/crt0.o (exit)
/usr/lib/gcc/arm-none-eabi/14.2.0/../../../../arm-none-eabi/lib/thumb/v7e-m+fp/hard/libc_nano.a(libc_a-findfp.o)
                              /usr/lib/gcc/arm-none-eabi/14.2.0/../../../../arm-none-eabi/lib/thumb/v7e-m+fp/hard/libc_nano.a(libc_a-exit.o) (__stdio_exit_handler)
/usr/lib/gcc/arm-none-eabi/14.2.0/../../../../arm-none-eabi/lib/thumb/v7e-m+fp/hard/libc_nano.a(libc_a-fwalk.o)
                              /usr/lib/gcc/arm-none-eabi/14.2.0/../../../../arm-none-eabi/lib/thumb/v7e-m+fp/hard/libc_nano.a(libc_a-findfp.o) (_fwalk_sglue)
/usr/lib/gcc/arm-none-eabi/14.2.0/../../../../arm-none-eabi/lib/thumb/v7e-m+fp/hard/libc_nano.a(libc_a-snprintf.o)
                              build/welder.o (snprintf)
/usr/lib/gcc/arm-none-eabi/14.2.0/../../../../arm-none-eabi/lib/thumb/v7e-m+fp/hard/libc_nano.a(libc_a-stdio.o)
                              /usr/lib/gcc/arm-none-eabi/14.2.0/../../../../arm-none-eabi/lib/thumb/v7e-m+fp/hard/libc_nano.a(libc_a-findfp.o) (__sread)
/usr/lib/gcc/arm-none-eabi/14.2.0/../../../../arm-none-eabi/lib/thumb/v7e-m+fp/hard/libc_nano.a(libc_a-memset.o)
                              /usr/lib/gcc/arm-none-eabi/14.2.0/../../../../arm-none-eabi/lib/thumb/v7e-m+fp/hard/crt0.o (memset)
/usr/lib/gcc/arm-none-eabi/14.2.0/../../../../arm-none-eabi/lib/thumb/v7e-m+fp/hard/libc_nano.a(libc_a-closer.o)
                              /usr/lib/gcc/arm-none-eabi/14.2.0/../../../../arm-none-eabi/lib/thumb/v7e-m+fp/hard/libc_nano.a(libc_a-stdio.o) (_close_r)
/usr/lib/gcc/arm-none-eabi/14.2.0/../../../../arm-none-eabi/lib/thumb/v7e-m+fp/hard/libc_nano.a(libc_a-reent.o)
                              /usr/lib/gcc/arm-none-eabi/14.2.0/../../../../arm-none-eabi/lib/thumb/v7e-m+fp/hard/libc_nano.a(libc_a-closer.o) (errno)
/usr/lib/gcc/arm-none-eabi/14.2.0/../../../../arm-none-eabi/lib/thumb/v7e-m+fp/hard/libc_nano.a(libc_a-impure.o)
                              /usr/lib/gcc/arm-none-eabi/14.2.0/../../../../arm-none-eabi/lib/thumb/v7e-m+fp/hard/libc_nano.a(libc_a-snprintf.o) (_impure_ptr)
/usr/lib/gcc/arm-none-eabi/14.2.0/../../../../arm-none-eabi/lib/thumb/v7e-m+fp/hard/libc_nano.a(libc_a-lseekr.o)
                              /usr/lib/gcc/arm-none-eabi/14.2.0/../../../../arm-none-eabi/lib/thumb/v7e-m+fp/hard/libc_nano.a(libc_a-stdio.o) (_lseek_r)
/usr/lib/gcc/arm-none-eabi/14.2.0/../../../../arm-none-eabi/lib/thumb/v7e-m+fp/hard/libc_nano.a(libc_a-readr.o)
                              /usr/lib/gcc/arm-none-eabi/14.2.0/../../../../arm-none-eabi/lib/thumb/v7e-m+fp/hard/libc_nano.a(libc_a-stdio.o) (_read_r)
/usr/lib/gcc/arm-none-eabi/14.2.0/../../../../arm-none-eabi/lib/thumb/v7e-m+fp/hard/libc_nano.a(libc_a-writer.o)
                              /usr/lib/gcc/arm-none-eabi/14.2.0/../../../../arm-none-eabi/lib/thumb/v7e-m+fp/hard/libc_nano.a(libc_a-stdio.o) (_write_r)
/usr/lib/gcc/arm-none-eabi/14.2.0/../../../../arm-none-eabi/lib/thumb/v7e-m+fp/hard/libc_nano.a(libc_a-errno.o)
                              build/syscalls.o (__errno)
/usr/lib/gcc/arm-none-eabi/14.2.0/../../../../arm-none-eabi/lib/thumb/v7e-m+fp/hard/libc_nano.a(libc_a-init.o)
                              /usr/lib/gcc/arm-none-eabi/14.2.0/../../../../arm-none-eabi/lib/thumb/v7e-m+fp/hard/crt0.o (__libc_init_array)
/usr/lib/gcc/arm-none-eabi/14.2.0/../../../../arm-none-eabi/lib/thumb/v7e-m+fp/hard/libc_nano.a(libc_a-fini.o)
                              /usr/lib/gcc/arm-none-eabi/14.2.0/../../../../arm-none-eabi/lib/thumb/v7e-m+fp/hard/crt0.o (__libc_fini_array)
/usr/lib/gcc/arm-none-eabi/14.2.0/../../../../arm-none-eabi/lib/thumb/v7e-m+fp/hard/libc_nano.a(libc_a-lock.o)
                              /usr/lib/gcc/arm-none-eabi/14.2.0/../../../../arm-none-eabi/lib/thumb/v7e-m+fp/hard/libc_nano.a(libc_a-findfp.o) (__retarget_lock_init_recursive)
/usr/lib/gcc/arm-none-eabi/14.2.0/../../../../arm-none-eabi/lib/thumb/v7e-m+fp/hard/libc_nano.a(libc_a-memcpy-stub.o)
                              build/ssd1306.o (memcpy)
/usr/lib/gcc/arm-none-eabi/14.2.0/../../../../arm-none-eabi/lib/thumb/v7e-m+fp/hard/libc_nano.a(libc_a-__atexit.o)
                              /usr/lib/gcc/arm-none-eabi/14.2.0/../../../../arm-none-eabi/lib/thumb/v7e-m+fp/hard/libc_nano.a(libc_a-atexit.o) (__register_exitproc)
/usr/lib/gcc/arm-none-eabi/14.2.0/../../../../arm-none-eabi/lib/thumb/v7e-m+fp/hard/libc_nano.a(libc_a-__call_atexit.o)
[...]
Memory Configuration

Name             Origin             Length             Attributes
RAM              0x20000000         0x00010000         xrw
FLASH            0x08000000         0x00040000         xr
*default*        0x00000000         0xffffffff

Linker script and memory map

LOAD /usr/lib/gcc/arm-none-eabi/14.2.0/thumb/v7e-m+fp/hard/crti.o
LOAD /usr/lib/gcc/arm-none-eabi/14.2.0/thumb/v7e-m+fp/hard/crtbegin.o
LOAD /usr/lib/gcc/arm-none-eabi/14.2.0/../../../../arm-none-eabi/lib/thumb/v7e-m+fp/hard/crt0.o
LOAD build/main.o
LOAD build/pcf8574.o
LOAD build/ssd1306.o
LOAD build/ssd1306_fonts.o
LOAD build/stm32f4xx_hal_msp.o
LOAD build/stm32f4xx_it.o
LOAD build/syscalls.o
LOAD build/sysmem.o
LOAD build/system_stm32f4xx.o
LOAD build/welder.o
LOAD build/stm32f4xx_hal.o
LOAD build/stm32f4xx_hal_adc.o
LOAD build/stm32f4xx_hal_adc_ex.o
LOAD build/stm32f4xx_hal_cortex.o
LOAD build/stm32f4xx_hal_dma.o
LOAD build/stm32f4xx_hal_dma_ex.o
LOAD build/stm32f4xx_hal_exti.o
LOAD build/stm32f4xx_hal_flash.o
LOAD build/stm32f4xx_hal_flash_ex.o
LOAD build/stm32f4xx_hal_flash_ramfunc.o
LOAD build/stm32f4xx_hal_gpio.o
LOAD build/stm32f4xx_hal_i2c.o
LOAD build/stm32f4xx_hal_i2c_ex.o
LOAD build/stm32f4xx_hal_pwr.o
LOAD build/stm32f4xx_hal_pwr_ex.o
LOAD build/stm32f4xx_hal_rcc.o
LOAD build/stm32f4xx_hal_rcc_ex.o
LOAD build/stm32f4xx_hal_tim.o
LOAD build/stm32f4xx_hal_tim_ex.o
LOAD build/stm32f4xx_ll_adc.o
LOAD build/startup_stm32f401xc.o
LOAD /usr/lib/gcc/arm-none-eabi/14.2.0/../../../../arm-none-eabi/lib/thumb/v7e-m+fp/hard/libc_nano.a
LOAD /usr/lib/gcc/arm-none-eabi/14.2.0/../../../../arm-none-eabi/lib/thumb/v7e-m+fp/hard/libm.a
LOAD /usr/lib/gcc/arm-none-eabi/14.2.0/../../../../arm-none-eabi/lib/thumb/v7e-m+fp/hard/libnosys.a
START GROUP
LOAD /usr/lib/gcc/arm-none-eabi/14.2.0/thumb/v7e-m+fp/hard/libgcc.a
LOAD /usr/lib/gcc/arm-none-eabi/14.2.0/../../../../arm-none-eabi/lib/thumb/v7e-m+fp/hard/libc_nano.a
END GROUP
START GROUP
LOAD /usr/lib/gcc/arm-none-eabi/14.2.0/thumb/v7e-m+fp/hard/libgcc.a
LOAD /usr/lib/gcc/arm-none-eabi/14.2.0/../../../../arm-none-eabi/lib/thumb/v7e-m+fp/hard/libc_nano.a
END GROUP
LOAD /usr/lib/gcc/arm-none-eabi/14.2.0/thumb/v7e-m+fp/hard/crtend.o
LOAD /usr/lib/gcc/arm-none-eabi/14.2.0/thumb/v7e-m+fp/hard/crtn.o
                0x20010000                        _estack = (ORIGIN (RAM) + LENGTH (RAM))
                0x00000200                        _Min_Heap_Size = 0x200
                0x00000400                        _Min_Stack_Size = 0x400

.isr_vector     0x08000000      0x194
                0x08000000                        . = ALIGN (0x4)
 *(.isr_vector)
 .isr_vector    0x08000000      0x194 build/startup_stm32f401xc.o
                0x08000000                g_pfnVectors
                0x08000194                        . = ALIGN (0x4)

.text           0x080001a0     0x5458
                0x080001a0                        . = ALIGN (0x4)
 *(.text)
 .text          0x080001a0       0xa0 /usr/lib/gcc/arm-none-eabi/14.2.0/../../../../arm-none-eabi/lib/thumb/v7e-m+fp/hard/libc_nano.a(libc_a-memchr.o)
                0x080001a0                memchr
 .text          0x08000240      0x378 /usr/lib/gcc/arm-none-eabi/14.2.0/thumb/v7e-m+fp/hard/libgcc.a(_arm_addsubdf3.o)
                0x08000240                __aeabi_drsub
                0x08000248                __aeabi_dsub
                0x08000248                __subdf3
                0x0800024c                __adddf3
                0x0800024c                __aeabi_dadd
                0x080004c4                __aeabi_ui2d
                0x080004c4                __floatunsidf
                0x080004e4                __floatsidf
                0x080004e4                __aeabi_i2d
                0x08000508                __extendsfdf2
                0x08000508                __aeabi_f2d
                0x0800054c                __aeabi_ul2d
                0x0800054c                __floatundidf
                0x0800055c                __floatdidf
                0x0800055c                __aeabi_l2d
 .text          0x080005b8      0x424 /usr/lib/gcc/arm-none-eabi/14.2.0/thumb/v7e-m+fp/hard/libgcc.a(_arm_muldivdf3.o)
                0x080005b8                __aeabi_dmul
                0x080005b8                __muldf3
                0x0800080c                __aeabi_ddiv
                0x0800080c                __divdf3
 .text          0x080009dc       0x40 /usr/lib/gcc/arm-none-eabi/14.2.0/thumb/v7e-m+fp/hard/libgcc.a(_arm_fixunsdfsi.o)
                0x080009dc                __fixunsdfsi
                0x080009dc                __aeabi_d2uiz
 .text          0x08000a1c       0x30 /usr/lib/gcc/arm-none-eabi/14.2.0/thumb/v7e-m+fp/hard/libgcc.a(_aeabi_uldivmod.o)
                0x08000a1c                __aeabi_uldivmod
 .text          0x08000a4c        0x4 /usr/lib/gcc/arm-none-eabi/14.2.0/thumb/v7e-m+fp/hard/libgcc.a(_dvmd_tls.o)
                0x08000a4c                __aeabi_ldiv0
                0x08000a4c                __aeabi_idiv0
 *(.text*)
 .text.__do_global_dtors_aux
                0x08000a50       0x24 /usr/lib/gcc/arm-none-eabi/14.2.0/thumb/v7e-m+fp/hard/crtbegin.o
 .text.frame_dummy
                0x08000a74       0x1c /usr/lib/gcc/arm-none-eabi/14.2.0/thumb/v7e-m+fp/hard/crtbegin.o
 .text.MX_GPIO_Init
                0x08000a90       0xcc build/main.o
 .text.MX_DMA_Init
                0x08000b5c       0x34 build/main.o
 .text.Error_Handler
                0x08000b90        0x4 build/main.o
                0x08000b90                Error_Handler
 .text.MX_TIM4_Init
                0x08000b94       0xa8 build/main.o
 .text.MX_I2C1_Init
                0x08000c3c       0x38 build/main.o
 .text.MX_ADC1_Init
                0x08000c74       0x84 build/main.o
 .text.MX_TIM2_Init
                0x08000cf8       0x5c build/main.o
 .text.MX_TIM10_Init
                0x08000d54       0x70 build/main.o
 .text.MX_TIM11_Init
                0x08000dc4       0x30 build/main.o
 .text.SystemClock_Config
                0x08000df4       0xac build/main.o
                0x08000df4                SystemClock_Config
 .text.main     0x08000ea0       0x30 build/main.o
                0x08000ea0                main
 .text.PCF8574_WritePort
                0x08000ed0       0x24 build/pcf8574.o
                0x08000ed0                PCF8574_WritePort
 .text.PCF8574_Init
                0x08000ef4       0x26 build/pcf8574.o
                0x08000ef4                PCF8574_Init
 *fill*         0x08000f1a        0x2 
 .text.ssd1306_WriteCommand
                0x08000f1c       0x2c build/ssd1306.o
                0x08000f1c                ssd1306_WriteCommand
 .text.ssd1306_WriteData
                0x08000f48       0x28 build/ssd1306.o
                0x08000f48                ssd1306_WriteData
 .text.ssd1306_Fill
                0x08000f70       0x1c build/ssd1306.o
                0x08000f70                ssd1306_Fill
 .text.ssd1306_UpdateScreen
                0x08000f8c       0x38 build/ssd1306.o
                0x08000f8c                ssd1306_UpdateScreen
 .text.ssd1306_DrawPixel
                0x08000fc4       0x4c build/ssd1306.o
                0x08000fc4                ssd1306_DrawPixel
 .text.ssd1306_WriteChar
                0x08001010       0xc0 build/ssd1306.o
                0x08001010                ssd1306_WriteChar
 .text.ssd1306_WriteString
                0x080010d0       0x30 build/ssd1306.o
                0x080010d0                ssd1306_WriteString
 .text.ssd1306_SetCursor
                0x08001100        0xc build/ssd1306.o
                0x08001100                ssd1306_SetCursor
 .text.ssd1306_SetContrast
                0x0800110c       0x12 build/ssd1306.o
                0x0800110c                ssd1306_SetContrast
 *fill*         0x0800111e        0x2 
 .text.ssd1306_SetDisplayOn
                0x08001120       0x20 build/ssd1306.o
                0x08001120                ssd1306_SetDisplayOn
 .text.ssd1306_Init
                0x08001140       0xc8 build/ssd1306.o
                0x08001140                ssd1306_Init
 .text.HAL_MspInit
                0x08001208       0x38 build/stm32f4xx_hal_msp.o
                0x08001208                HAL_MspInit
 .text.HAL_ADC_MspInit
                0x08001240       0xa8 build/stm32f4xx_hal_msp.o
                0x08001240                HAL_ADC_MspInit
 .text.HAL_I2C_MspInit
                0x080012e8       0x70 build/stm32f4xx_hal_msp.o
                0x080012e8                HAL_I2C_MspInit
 .text.HAL_TIM_Encoder_MspInit
                0x08001358       0x98 build/stm32f4xx_hal_msp.o
                0x08001358                HAL_TIM_Encoder_MspInit
 .text.HAL_TIM_Base_MspInit
                0x080013f0       0x98 build/stm32f4xx_hal_msp.o
                0x080013f0                HAL_TIM_Base_MspInit
 .text.HAL_TIM_MspPostInit
                0x08001488       0x94 build/stm32f4xx_hal_msp.o
                0x08001488                HAL_TIM_MspPostInit
 .text.NMI_Handler
                0x0800151c        0x8 build/stm32f4xx_it.o
                0x0800151c                NMI_Handler
 .text.HardFault_Handler
                0x08001524        0x2 build/stm32f4xx_it.o
                0x08001524                HardFault_Handler
 .text.MemManage_Handler
                0x08001526        0x2 build/stm32f4xx_it.o
                0x08001526                MemManage_Handler
 .text.BusFault_Handler
                0x08001528        0x2 build/stm32f4xx_it.o
                0x08001528                BusFault_Handler
 .text.UsageFault_Handler
                0x0800152a        0x2 build/stm32f4xx_it.o
                0x0800152a                UsageFault_Handler
 .text.SVC_Handler
                0x0800152c        0x2 build/stm32f4xx_it.o
                0x0800152c                SVC_Handler
 .text.DebugMon_Handler
                0x0800152e        0x2 build/stm32f4xx_it.o
                0x0800152e                DebugMon_Handler
 .text.PendSV_Handler
                0x08001530        0x2 build/stm32f4xx_it.o
                0x08001530                PendSV_Handler
 .text.SysTick_Handler
                0x08001532        0x8 build/stm32f4xx_it.o
                0x08001532                SysTick_Handler
 .text.EXTI4_IRQHandler
                0x0800153a        0xa build/stm32f4xx_it.o
                0x0800153a                EXTI4_IRQHandler
 .text.EXTI9_5_IRQHandler
                0x08001544        0xa build/stm32f4xx_it.o
                0x08001544                EXTI9_5_IRQHandler
 *fill*         0x0800154e        0x2 
 .text.TIM1_UP_TIM10_IRQHandler
                0x08001550       0x10 build/stm32f4xx_it.o
                0x08001550                TIM1_UP_TIM10_IRQHandler
 .text.TIM1_TRG_COM_TIM11_IRQHandler
                0x08001560       0x10 build/stm32f4xx_it.o
                0x08001560                TIM1_TRG_COM_TIM11_IRQHandler
 .text.DMA2_Stream0_IRQHandler
                0x08001570       0x10 build/stm32f4xx_it.o
                0x08001570                DMA2_Stream0_IRQHandler
 .text._sbrk    0x08001580       0x48 build/sysmem.o
                0x08001580                _sbrk
 .text.SystemInit
                0x080015c8       0x14 build/system_stm32f4xx.o
                0x080015c8                SystemInit
 .text.idle_menu
                0x080015dc      0x440 build/welder.o
                0x080015dc                idle_menu
 .text.set_current
                0x08001a1c       0x40 build/welder.o
                0x08001a1c                set_current
 *fill*         0x08001a5c        0x4 
 .text.weld     0x08001a60      0x128 build/welder.o
                0x08001a60                weld
 .text.set_pwm_frequency
                0x08001b88       0x1c build/welder.o
                0x08001b88                set_pwm_frequency
 .text.set_pwm_duty
                0x08001ba4       0x20 build/welder.o
                0x08001ba4                set_pwm_duty
 .text.HAL_GPIO_EXTI_Callback
                0x08001bc4        0x2 build/welder.o
                0x08001bc4                HAL_GPIO_EXTI_Callback
 *fill*         0x08001bc6        0x2 
 .text.LinearTransition
                0x08001bc8       0x7c build/welder.o
                0x08001bc8                LinearTransition
 .text.HAL_TIM_PeriodElapsedCallback
                0x08001c44       0x88 build/welder.o
                0x08001c44                HAL_TIM_PeriodElapsedCallback
 .text.NB_Delay
                0x08001ccc       0x4c build/welder.o
                0x08001ccc                NB_Delay
 .text.stop_condition
                0x08001d18       0x68 build/welder.o
                0x08001d18                stop_condition
 .text.start_condition
                0x08001d80       0x6c build/welder.o
                0x08001d80                start_condition
 .text.state_machine
                0x08001dec      0x250 build/welder.o
                0x08001dec                state_machine
 .text.welder   0x0800203c      0x144 build/welder.o
                0x0800203c                welder
 .text.HAL_InitTick
                0x08002180       0x4c build/stm32f4xx_hal.o
                0x08002180                HAL_InitTick
 .text.HAL_Init
                0x080021cc       0x34 build/stm32f4xx_hal.o
                0x080021cc                HAL_Init
 .text.HAL_IncTick
                0x08002200       0x18 build/stm32f4xx_hal.o
                0x08002200                HAL_IncTick
 .text.HAL_GetTick
                0x08002218        0xc build/stm32f4xx_hal.o
                0x08002218                HAL_GetTick
 .text.HAL_Delay
                0x08002224       0x28 build/stm32f4xx_hal.o
                0x08002224                HAL_Delay
 .text.ADC_Init
                0x0800224c      0x134 build/stm32f4xx_hal_adc.o
 .text.HAL_ADC_Init
                0x08002380       0x56 build/stm32f4xx_hal_adc.o
                0x08002380                HAL_ADC_Init
 *fill*         0x080023d6        0x2 
 .text.HAL_ADC_Start_DMA
                0x080023d8      0x164 build/stm32f4xx_hal_adc.o
                0x080023d8                HAL_ADC_Start_DMA
 .text.HAL_ADC_ConvCpltCallback
                0x0800253c        0x2 build/stm32f4xx_hal_adc.o
                0x0800253c                HAL_ADC_ConvCpltCallback
 .text.HAL_ADC_ConvHalfCpltCallback
                0x0800253e        0x2 build/stm32f4xx_hal_adc.o
                0x0800253e                HAL_ADC_ConvHalfCpltCallback
 .text.ADC_DMAHalfConvCplt
                0x08002540        0xa build/stm32f4xx_hal_adc.o
 .text.HAL_ADC_ErrorCallback
                0x0800254a        0x2 build/stm32f4xx_hal_adc.o
                0x0800254a                HAL_ADC_ErrorCallback
 .text.ADC_DMAError
                0x0800254c       0x16 build/stm32f4xx_hal_adc.o
 .text.ADC_DMAConvCplt
                0x08002562       0x72 build/stm32f4xx_hal_adc.o
 .text.HAL_ADC_ConfigChannel
                0x080025d4      0x194 build/stm32f4xx_hal_adc.o
                0x080025d4                HAL_ADC_ConfigChannel
 .text.__NVIC_EnableIRQ
                0x08002768       0x1c build/stm32f4xx_hal_cortex.o
 .text.__NVIC_SetPriority
                0x08002784       0x28 build/stm32f4xx_hal_cortex.o
 .text.NVIC_EncodePriority
                0x080027ac       0x3e build/stm32f4xx_hal_cortex.o
 *fill*         0x080027ea        0x2 
 .text.HAL_NVIC_SetPriorityGrouping
                0x080027ec       0x24 build/stm32f4xx_hal_cortex.o
                0x080027ec                HAL_NVIC_SetPriorityGrouping
 .text.HAL_NVIC_SetPriority
                0x08002810       0x20 build/stm32f4xx_hal_cortex.o
                0x08002810                HAL_NVIC_SetPriority
 .text.HAL_NVIC_EnableIRQ
                0x08002830        0x8 build/stm32f4xx_hal_cortex.o
                0x08002830                HAL_NVIC_EnableIRQ
 .text.HAL_SYSTICK_Config
                0x08002838       0x28 build/stm32f4xx_hal_cortex.o
                0x08002838                HAL_SYSTICK_Config
 .text.DMA_SetConfig
                0x08002860       0x2c build/stm32f4xx_hal_dma.o
 .text.DMA_CalcBaseAndBitshift
                0x0800288c       0x3c build/stm32f4xx_hal_dma.o
 .text.DMA_CheckFifoParam
                0x080028c8       0x8e build/stm32f4xx_hal_dma.o
 *fill*         0x08002956        0x2 
 .text.HAL_DMA_Init
                0x08002958       0xcc build/stm32f4xx_hal_dma.o
                0x08002958                HAL_DMA_Init
 .text.HAL_DMA_Start_IT
                0x08002a24       0x68 build/stm32f4xx_hal_dma.o
                0x08002a24                HAL_DMA_Start_IT
 .text.HAL_DMA_IRQHandler
                0x08002a8c      0x1dc build/stm32f4xx_hal_dma.o
                0x08002a8c                HAL_DMA_IRQHandler
 .text.HAL_GPIO_Init
                0x08002c68      0x1c8 build/stm32f4xx_hal_gpio.o
                0x08002c68                HAL_GPIO_Init
 .text.HAL_GPIO_ReadPin
                0x08002e30        0xe build/stm32f4xx_hal_gpio.o
                0x08002e30                HAL_GPIO_ReadPin
 .text.HAL_GPIO_WritePin
                0x08002e3e        0xc build/stm32f4xx_hal_gpio.o
                0x08002e3e                HAL_GPIO_WritePin
 *fill*         0x08002e4a        0x2 
 .text.HAL_GPIO_EXTI_IRQHandler
                0x08002e4c       0x1c build/stm32f4xx_hal_gpio.o
                0x08002e4c                HAL_GPIO_EXTI_IRQHandler
 .text.I2C_IsAcknowledgeFailed
                0x08002e68       0x32 build/stm32f4xx_hal_i2c.o
 .text.I2C_WaitOnFlagUntilTimeout
                0x08002e9a       0xaa build/stm32f4xx_hal_i2c.o
 .text.I2C_WaitOnMasterAddressFlagUntilTimeout
                0x08002f44       0xd6 build/stm32f4xx_hal_i2c.o
 *fill*         0x0800301a        0x2 
 .text.I2C_MasterRequestWrite
                0x0800301c       0xb4 build/stm32f4xx_hal_i2c.o
 .text.I2C_WaitOnTXEFlagUntilTimeout
                0x080030d0       0x5e build/stm32f4xx_hal_i2c.o
 *fill*         0x0800312e        0x2 
 .text.I2C_RequestMemoryWrite
                0x08003130       0xd8 build/stm32f4xx_hal_i2c.o
 .text.I2C_WaitOnBTFFlagUntilTimeout
                0x08003208       0x5e build/stm32f4xx_hal_i2c.o
 *fill*         0x08003266        0x2 
 .text.HAL_I2C_Init
                0x08003268      0x1bc build/stm32f4xx_hal_i2c.o
                0x08003268                HAL_I2C_Init
 .text.HAL_I2C_Master_Transmit
                0x08003424      0x174 build/stm32f4xx_hal_i2c.o
                0x08003424                HAL_I2C_Master_Transmit
 .text.HAL_I2C_Mem_Write
                0x08003598      0x160 build/stm32f4xx_hal_i2c.o
                0x08003598                HAL_I2C_Mem_Write
 .text.HAL_RCC_OscConfig
                0x080036f8      0x3f8 build/stm32f4xx_hal_rcc.o
                0x080036f8                HAL_RCC_OscConfig
 .text.HAL_RCC_EnableCSS
                0x08003af0        0xc build/stm32f4xx_hal_rcc.o
                0x08003af0                HAL_RCC_EnableCSS
 .text.HAL_RCC_GetSysClockFreq
                0x08003afc       0xa8 build/stm32f4xx_hal_rcc.o
                0x08003afc                HAL_RCC_GetSysClockFreq
 .text.HAL_RCC_ClockConfig
                0x08003ba4      0x160 build/stm32f4xx_hal_rcc.o
                0x08003ba4                HAL_RCC_ClockConfig
 .text.HAL_RCC_GetHCLKFreq
                0x08003d04        0xc build/stm32f4xx_hal_rcc.o
                0x08003d04                HAL_RCC_GetHCLKFreq
 .text.HAL_RCC_GetPCLK1Freq
                0x08003d10       0x20 build/stm32f4xx_hal_rcc.o
                0x08003d10                HAL_RCC_GetPCLK1Freq
 .text.HAL_RCC_CSSCallback
                0x08003d30        0x2 build/stm32f4xx_hal_rcc.o
                0x08003d30                HAL_RCC_CSSCallback
 *fill*         0x08003d32        0x2 
 .text.HAL_RCC_NMI_IRQHandler
                0x08003d34       0x20 build/stm32f4xx_hal_rcc.o
                0x08003d34                HAL_RCC_NMI_IRQHandler
 .text.TIM_OC1_SetConfig
                0x08003d54       0x54 build/stm32f4xx_hal_tim.o
 .text.TIM_OC3_SetConfig
                0x08003da8       0x5c build/stm32f4xx_hal_tim.o
 .text.TIM_OC4_SetConfig
                0x08003e04       0x48 build/stm32f4xx_hal_tim.o
 .text.TIM_TI1_ConfigInputStage
                0x08003e4c       0x26 build/stm32f4xx_hal_tim.o
 .text.TIM_TI2_ConfigInputStage
                0x08003e72       0x28 build/stm32f4xx_hal_tim.o
 .text.TIM_ITRx_SetConfig
                0x08003e9a       0x10 build/stm32f4xx_hal_tim.o
 *fill*         0x08003eaa        0x2 
 .text.HAL_TIM_Base_Start_IT
                0x08003eac       0x74 build/stm32f4xx_hal_tim.o
                0x08003eac                HAL_TIM_Base_Start_IT
 .text.HAL_TIM_PWM_MspInit
                0x08003f20        0x2 build/stm32f4xx_hal_tim.o
                0x08003f20                HAL_TIM_PWM_MspInit
 .text.HAL_TIM_OC_DelayElapsedCallback
                0x08003f22        0x2 build/stm32f4xx_hal_tim.o
                0x08003f22                HAL_TIM_OC_DelayElapsedCallback
 .text.HAL_TIM_IC_CaptureCallback
                0x08003f24        0x2 build/stm32f4xx_hal_tim.o
                0x08003f24                HAL_TIM_IC_CaptureCallback
 .text.HAL_TIM_PWM_PulseFinishedCallback
                0x08003f26        0x2 build/stm32f4xx_hal_tim.o
                0x08003f26                HAL_TIM_PWM_PulseFinishedCallback
 .text.HAL_TIM_TriggerCallback
                0x08003f28        0x2 build/stm32f4xx_hal_tim.o
                0x08003f28                HAL_TIM_TriggerCallback
 .text.HAL_TIM_IRQHandler
                0x08003f2a      0x15e build/stm32f4xx_hal_tim.o
                0x08003f2a                HAL_TIM_IRQHandler
 .text.TIM_Base_SetConfig
                0x08004088       0xac build/stm32f4xx_hal_tim.o
                0x08004088                TIM_Base_SetConfig
 .text.HAL_TIM_Base_Init
                0x08004134       0x58 build/stm32f4xx_hal_tim.o
                0x08004134                HAL_TIM_Base_Init
 .text.HAL_TIM_PWM_Init
                0x0800418c       0x58 build/stm32f4xx_hal_tim.o
                0x0800418c                HAL_TIM_PWM_Init
 .text.HAL_TIM_Encoder_Init
                0x080041e4       0xb0 build/stm32f4xx_hal_tim.o
                0x080041e4                HAL_TIM_Encoder_Init
 .text.TIM_OC2_SetConfig
                0x08004294       0x5c build/stm32f4xx_hal_tim.o
                0x08004294                TIM_OC2_SetConfig
 .text.HAL_TIM_PWM_ConfigChannel
                0x080042f0       0xdc build/stm32f4xx_hal_tim.o
                0x080042f0                HAL_TIM_PWM_ConfigChannel
 .text.TIM_ETR_SetConfig
                0x080043cc       0x1a build/stm32f4xx_hal_tim.o
                0x080043cc                TIM_ETR_SetConfig
 .text.HAL_TIM_ConfigClockSource
                0x080043e6       0xfe build/stm32f4xx_hal_tim.o
                0x080043e6                HAL_TIM_ConfigClockSource
 .text.TIM_CCxChannelCmd
                0x080044e4       0x1e build/stm32f4xx_hal_tim.o
                0x080044e4                TIM_CCxChannelCmd
 *fill*         0x08004502        0x2 
 .text.HAL_TIM_PWM_Start
                0x08004504       0xe4 build/stm32f4xx_hal_tim.o
                0x08004504                HAL_TIM_PWM_Start
 .text.HAL_TIM_PWM_Start_IT
                0x080045e8      0x154 build/stm32f4xx_hal_tim.o
                0x080045e8                HAL_TIM_PWM_Start_IT
 .text.HAL_TIM_PWM_Stop_IT
                0x0800473c       0xd4 build/stm32f4xx_hal_tim.o
                0x0800473c                HAL_TIM_PWM_Stop_IT
 .text.HAL_TIM_Encoder_Start
                0x08004810       0xcc build/stm32f4xx_hal_tim.o
                0x08004810                HAL_TIM_Encoder_Start
 .text.HAL_TIMEx_MasterConfigSynchronization
                0x080048dc       0x7c build/stm32f4xx_hal_tim_ex.o
                0x080048dc                HAL_TIMEx_MasterConfigSynchronization
 .text.HAL_TIMEx_CommutCallback
                0x08004958        0x2 build/stm32f4xx_hal_tim_ex.o
                0x08004958                HAL_TIMEx_CommutCallback
 .text.HAL_TIMEx_BreakCallback
                0x0800495a        0x2 build/stm32f4xx_hal_tim_ex.o
                0x0800495a                HAL_TIMEx_BreakCallback
 .text.Reset_Handler
                0x0800495c       0x50 build/startup_stm32f401xc.o
                0x0800495c                Reset_Handler
 .text.Default_Handler
                0x080049ac        0x2 build/startup_stm32f401xc.o
                0x080049ac                RTC_Alarm_IRQHandler
                0x080049ac                EXTI2_IRQHandler
                0x080049ac                SPI4_IRQHandler
                0x080049ac                TIM1_CC_IRQHandler
                0x080049ac                DMA2_Stream5_IRQHandler
                0x080049ac                DMA1_Stream5_IRQHandler
                0x080049ac                PVD_IRQHandler
                0x080049ac                SDIO_IRQHandler
                0x080049ac                TAMP_STAMP_IRQHandler
                0x080049ac                EXTI3_IRQHandler
                0x080049ac                I2C3_ER_IRQHandler
                0x080049ac                EXTI0_IRQHandler
                0x080049ac                I2C2_EV_IRQHandler
                0x080049ac                DMA1_Stream2_IRQHandler
                0x080049ac                FPU_IRQHandler
                0x080049ac                DMA2_Stream2_IRQHandler
                0x080049ac                SPI1_IRQHandler
                0x080049ac                TIM1_BRK_TIM9_IRQHandler
                0x080049ac                DMA2_Stream3_IRQHandler
                0x080049ac                USART6_IRQHandler
                0x080049ac                TIM4_IRQHandler
                0x080049ac                I2C1_EV_IRQHandler
                0x080049ac                DMA1_Stream6_IRQHandler
                0x080049ac                DMA1_Stream1_IRQHandler
                0x080049ac                TIM3_IRQHandler
                0x080049ac                RCC_IRQHandler
                0x080049ac                Default_Handler
                0x080049ac                EXTI15_10_IRQHandler
                0x080049ac                ADC_IRQHandler
                0x080049ac                DMA1_Stream7_IRQHandler
                0x080049ac                TIM5_IRQHandler
                0x080049ac                DMA2_Stream7_IRQHandler
                0x080049ac                I2C3_EV_IRQHandler
                0x080049ac                RTC_WKUP_IRQHandler
                0x080049ac                SPI2_IRQHandler
                0x080049ac                DMA1_Stream0_IRQHandler
                0x080049ac                WWDG_IRQHandler
                0x080049ac                TIM2_IRQHandler
                0x080049ac                OTG_FS_WKUP_IRQHandler
                0x080049ac                EXTI1_IRQHandler
                0x080049ac                USART2_IRQHandler
                0x080049ac                I2C2_ER_IRQHandler
                0x080049ac                DMA2_Stream1_IRQHandler
                0x080049ac                FLASH_IRQHandler
                0x080049ac                DMA2_Stream4_IRQHandler
                0x080049ac                USART1_IRQHandler
                0x080049ac                OTG_FS_IRQHandler
                0x080049ac                SPI3_IRQHandler
                0x080049ac                DMA1_Stream4_IRQHandler
                0x080049ac                I2C1_ER_IRQHandler
                0x080049ac                DMA2_Stream6_IRQHandler
                0x080049ac                DMA1_Stream3_IRQHandler
 *fill*         0x080049ae        0x2 
 .text.snprintf
                0x080049b0       0x6c /usr/lib/gcc/arm-none-eabi/14.2.0/../../../../arm-none-eabi/lib/thumb/v7e-m+fp/hard/libc_nano.a(libc_a-snprintf.o)
                0x080049b0                snprintf
                0x080049b0                sniprintf
 .text.memset   0x08004a1c       0x10 /usr/lib/gcc/arm-none-eabi/14.2.0/../../../../arm-none-eabi/lib/thumb/v7e-m+fp/hard/libc_nano.a(libc_a-memset.o)
                0x08004a1c                memset
 .text.__errno  0x08004a2c        0xc /usr/lib/gcc/arm-none-eabi/14.2.0/../../../../arm-none-eabi/lib/thumb/v7e-m+fp/hard/libc_nano.a(libc_a-errno.o)
                0x08004a2c                __errno
 .text.__libc_init_array
                0x08004a38       0x48 /usr/lib/gcc/arm-none-eabi/14.2.0/../../../../arm-none-eabi/lib/thumb/v7e-m+fp/hard/libc_nano.a(libc_a-init.o)
                0x08004a38                __libc_init_array
 .text.__retarget_lock_acquire_recursive
                0x08004a80        0x2 /usr/lib/gcc/arm-none-eabi/14.2.0/../../../../arm-none-eabi/lib/thumb/v7e-m+fp/hard/libc_nano.a(libc_a-lock.o)
                0x08004a80                __retarget_lock_acquire_recursive
 .text.__retarget_lock_release_recursive
                0x08004a82        0x2 /usr/lib/gcc/arm-none-eabi/14.2.0/../../../../arm-none-eabi/lib/thumb/v7e-m+fp/hard/libc_nano.a(libc_a-lock.o)
                0x08004a82                __retarget_lock_release_recursive
 .text.memcpy   0x08004a84       0x1c /usr/lib/gcc/arm-none-eabi/14.2.0/../../../../arm-none-eabi/lib/thumb/v7e-m+fp/hard/libc_nano.a(libc_a-memcpy-stub.o)
                0x08004a84                memcpy
 .text._free_r  0x08004aa0       0x94 /usr/lib/gcc/arm-none-eabi/14.2.0/../../../../arm-none-eabi/lib/thumb/v7e-m+fp/hard/libc_nano.a(libc_a-freer.o)
                0x08004aa0                _free_r
 .text.sbrk_aligned
                0x08004b34       0x44 /usr/lib/gcc/arm-none-eabi/14.2.0/../../../../arm-none-eabi/lib/thumb/v7e-m+fp/hard/libc_nano.a(libc_a-mallocr.o)
 .text._malloc_r
                0x08004b78      0x100 /usr/lib/gcc/arm-none-eabi/14.2.0/../../../../arm-none-eabi/lib/thumb/v7e-m+fp/hard/libc_nano.a(libc_a-mallocr.o)
                0x08004b78                _malloc_r
 .text.__malloc_lock
                0x08004c78        0xc /usr/lib/gcc/arm-none-eabi/14.2.0/../../../../arm-none-eabi/lib/thumb/v7e-m+fp/hard/libc_nano.a(libc_a-mlock.o)
                0x08004c78                __malloc_lock
 .text.__malloc_unlock
                0x08004c84        0xc /usr/lib/gcc/arm-none-eabi/14.2.0/../../../../arm-none-eabi/lib/thumb/v7e-m+fp/hard/libc_nano.a(libc_a-mlock.o)
                0x08004c84                __malloc_unlock
 .text.__ssputs_r
                0x08004c90       0xc0 /usr/lib/gcc/arm-none-eabi/14.2.0/../../../../arm-none-eabi/lib/thumb/v7e-m+fp/hard/libc_nano.a(libc_a-nano-svfprintf.o)
                0x08004c90                __ssputs_r
 .text._svfprintf_r
                0x08004d50      0x1f8 /usr/lib/gcc/arm-none-eabi/14.2.0/../../../../arm-none-eabi/lib/thumb/v7e-m+fp/hard/libc_nano.a(libc_a-nano-svfprintf.o)
                0x08004d50                _svfprintf_r
                0x08004d50                _svfiprintf_r
 .text._printf_common
                0x08004f48       0xda /usr/lib/gcc/arm-none-eabi/14.2.0/../../../../arm-none-eabi/lib/thumb/v7e-m+fp/hard/libc_nano.a(libc_a-nano-vfprintf_i.o)
                0x08004f48                _printf_common
 *fill*         0x08005022        0x2 
 .text._printf_i
                0x08005024      0x240 /usr/lib/gcc/arm-none-eabi/14.2.0/../../../../arm-none-eabi/lib/thumb/v7e-m+fp/hard/libc_nano.a(libc_a-nano-vfprintf_i.o)
                0x08005024                _printf_i
 .text.memmove  0x08005264       0x32 /usr/lib/gcc/arm-none-eabi/14.2.0/../../../../arm-none-eabi/lib/thumb/v7e-m+fp/hard/libc_nano.a(libc_a-memmove.o)
                0x08005264                memmove
 *fill*         0x08005296        0x2 
 .text._sbrk_r  0x08005298       0x20 /usr/lib/gcc/arm-none-eabi/14.2.0/../../../../arm-none-eabi/lib/thumb/v7e-m+fp/hard/libc_nano.a(libc_a-sbrkr.o)
                0x08005298                _sbrk_r
 .text._realloc_r
                0x080052b8       0x5c /usr/lib/gcc/arm-none-eabi/14.2.0/../../../../arm-none-eabi/lib/thumb/v7e-m+fp/hard/libc_nano.a(libc_a-reallocr.o)
                0x080052b8                _realloc_r
 .text._malloc_usable_size_r
                0x08005314       0x10 /usr/lib/gcc/arm-none-eabi/14.2.0/../../../../arm-none-eabi/lib/thumb/v7e-m+fp/hard/libc_nano.a(libc_a-msizer.o)
                0x08005314                _malloc_usable_size_r
 .text.__udivmoddi4
                0x08005324      0x2bc /usr/lib/gcc/arm-none-eabi/14.2.0/thumb/v7e-m+fp/hard/libgcc.a(_udivmoddi4.o)
                0x08005324                __udivmoddi4
 *(.glue_7)
 .glue_7        0x080055e0        0x0 linker stubs
 *(.glue_7t)
 .glue_7t       0x080055e0        0x0 linker stubs
 *(.eh_frame)
 .eh_frame      0x080055e0        0x0 /usr/lib/gcc/arm-none-eabi/14.2.0/thumb/v7e-m+fp/hard/crtbegin.o
 *(.init)
 .init          0x080055e0        0x4 /usr/lib/gcc/arm-none-eabi/14.2.0/thumb/v7e-m+fp/hard/crti.o
                0x080055e0                _init
 .init          0x080055e4        0x8 /usr/lib/gcc/arm-none-eabi/14.2.0/thumb/v7e-m+fp/hard/crtn.o
 *(.fini)
 .fini          0x080055ec        0x4 /usr/lib/gcc/arm-none-eabi/14.2.0/thumb/v7e-m+fp/hard/crti.o
                0x080055ec                _fini
 .fini          0x080055f0        0x8 /usr/lib/gcc/arm-none-eabi/14.2.0/thumb/v7e-m+fp/hard/crtn.o
                0x080055f8                        . = ALIGN (0x4)
                0x080055f8                        _etext = .

.vfp11_veneer   0x080055f8        0x0
 .vfp11_veneer  0x080055f8        0x0 linker stubs

.v4_bx          0x080055f8        0x0
 .v4_bx         0x080055f8        0x0 linker stubs

.iplt           0x080055f8        0x0
 .iplt          0x080055f8        0x0 /usr/lib/gcc/arm-none-eabi/14.2.0/thumb/v7e-m+fp/hard/crtbegin.o

.rodata         0x080055f8     0x2148
                0x080055f8                        . = ALIGN (0x4)
 *(.rodata)
 *(.rodata*)
 .rodata.Font_16x26
                0x080055f8        0xc build/ssd1306_fonts.o
                0x080055f8                Font_16x26
 .rodata.Font_11x18
                0x08005604        0xc build/ssd1306_fonts.o
                0x08005604                Font_11x18
 .rodata.Font16x26
                0x08005610     0x134c build/ssd1306_fonts.o
 .rodata.Font11x18
                0x0800695c      0xd5c build/ssd1306_fonts.o
 .rodata.APBPrescTable
                0x080076b8        0x8 build/system_stm32f4xx.o
                0x080076b8                APBPrescTable
 .rodata.AHBPrescTable
                0x080076c0       0x10 build/system_stm32f4xx.o
                0x080076c0                AHBPrescTable
 .rodata.idle_menu.str1.4
                0x080076d0       0x34 build/welder.o
                                 0x27 (size before relaxing)
 .rodata.str1.4
                0x08007704        0xc build/welder.o
 .rodata.flagBitshiftOffset.0
                0x08007704        0x8 build/stm32f4xx_hal_dma.o
 .rodata._svfprintf_r.str1.1
                0x0800770c       0x33 /usr/lib/gcc/arm-none-eabi/14.2.0/../../../../arm-none-eabi/lib/thumb/v7e-m+fp/hard/libc_nano.a(libc_a-nano-svfprintf.o)
                                 0x11 (size before relaxing)
 .rodata._printf_i.str1.1
                0x0800773f       0x22 /usr/lib/gcc/arm-none-eabi/14.2.0/../../../../arm-none-eabi/lib/thumb/v7e-m+fp/hard/libc_nano.a(libc_a-nano-vfprintf_i.o)
                0x08007764                        . = ALIGN (0x4)
 *fill*         0x0800773f        0x1 

.ARM.extab
 *(.ARM.extab* .gnu.linkonce.armextab.*)

.ARM            0x08007740        0x8
                0x08007740                        __exidx_start = .
 *(.ARM.exidx*)
 .ARM.exidx     0x08007740        0x8 /usr/lib/gcc/arm-none-eabi/14.2.0/../../../../arm-none-eabi/lib/thumb/v7e-m+fp/hard/libc_nano.a(libc_a-memchr.o)
 .ARM.exidx.text.__udivmoddi4
                0x08007748        0x0 /usr/lib/gcc/arm-none-eabi/14.2.0/thumb/v7e-m+fp/hard/libgcc.a(_udivmoddi4.o)
                                  0x8 (size before relaxing)
                0x08007748                        __exidx_end = .

.rel.dyn        0x08007748        0x0
 .rel.iplt      0x08007748        0x0 /usr/lib/gcc/arm-none-eabi/14.2.0/thumb/v7e-m+fp/hard/crtbegin.o

.preinit_array  0x08007748        0x0
                0x08007748                        PROVIDE (__preinit_array_start = .)
 *(.preinit_array*)
                0x08007748                        PROVIDE (__preinit_array_end = .)

.init_array     0x08007748        0x4
                0x08007748                        PROVIDE (__init_array_start = .)
 *(SORT_BY_NAME(.init_array.*))
 *(.init_array*)
 .init_array    0x08007748        0x4 /usr/lib/gcc/arm-none-eabi/14.2.0/thumb/v7e-m+fp/hard/crtbegin.o
                0x0800774c                        PROVIDE (__init_array_end = .)

.fini_array     0x0800774c        0x4
                0x0800774c                        PROVIDE (__fini_array_start = .)
 *(SORT_BY_NAME(.fini_array.*))
 *(.fini_array*)
 .fini_array    0x0800774c        0x4 /usr/lib/gcc/arm-none-eabi/14.2.0/thumb/v7e-m+fp/hard/crtbegin.o
                0x08007750                        PROVIDE (__fini_array_end = .)
                0x08007750                        _sidata = LOADADDR (.data)

.data           0x20000000       0x70 load address 0x08007750
                0x20000000                        . = ALIGN (0x4)
                0x20000000                        _sdata = .
 *(.data)
 *(.data*)
 .data.SystemCoreClock
                0x20000000        0x4 build/system_stm32f4xx.o
                0x20000000                SystemCoreClock
 .data.i.8      0x20000004        0x4 build/welder.o
 .data.trigger_type
                0x20000008        0x1 build/welder.o
                0x20000008                trigger_type
 *fill*         0x20000009        0x3 
 .data.mode_string
                0x2000000c        0xc build/welder.o
                0x2000000c                mode_string
 .data.uwTickFreq
                0x20000018        0x1 build/stm32f4xx_hal.o
                0x20000018                uwTickFreq
 *fill*         0x20000019        0x3 
 .data.uwTickPrio
                0x2000001c        0x4 build/stm32f4xx_hal.o
                0x2000001c                uwTickPrio
 .data._impure_ptr
                0x20000020        0x4 /usr/lib/gcc/arm-none-eabi/14.2.0/../../../../arm-none-eabi/lib/thumb/v7e-m+fp/hard/libc_nano.a(libc_a-impure.o)
                0x20000020                _impure_ptr
 .data._impure_data
                0x20000024       0x4c /usr/lib/gcc/arm-none-eabi/14.2.0/../../../../arm-none-eabi/lib/thumb/v7e-m+fp/hard/libc_nano.a(libc_a-impure.o)
                0x20000024                _impure_data
                0x20000070                        . = ALIGN (0x4)
                0x20000070                        _edata = .

.igot.plt       0x20000070        0x0 load address 0x080077c0
 .igot.plt      0x20000070        0x0 /usr/lib/gcc/arm-none-eabi/14.2.0/thumb/v7e-m+fp/hard/crtbegin.o
                0x20000070                        . = ALIGN (0x4)

.bss            0x20000070      0x7ec load address 0x080077c0
                0x20000070                        _sbss = .
                0x20000070                        __bss_start__ = _sbss
 *(.bss)
 *(.bss*)
 .bss.completed.1
                0x20000070        0x1 /usr/lib/gcc/arm-none-eabi/14.2.0/thumb/v7e-m+fp/hard/crtbegin.o
 *fill*         0x20000071        0x3 
 .bss.object.0  0x20000074       0x18 /usr/lib/gcc/arm-none-eabi/14.2.0/thumb/v7e-m+fp/hard/crtbegin.o
 .bss.htim11    0x2000008c       0x48 build/main.o
                0x2000008c                htim11
 .bss.htim10    0x200000d4       0x48 build/main.o
                0x200000d4                htim10
 .bss.htim4     0x2000011c       0x48 build/main.o
                0x2000011c                htim4
 .bss.htim2     0x20000164       0x48 build/main.o
                0x20000164                htim2
 .bss.hi2c1     0x200001ac       0x54 build/main.o
                0x200001ac                hi2c1
 .bss.hdma_adc1
                0x20000200       0x60 build/main.o
                0x20000200                hdma_adc1
 .bss.hadc1     0x20000260       0x48 build/main.o
                0x20000260                hadc1
 .bss.SSD1306   0x200002a8        0x6 build/ssd1306.o
 *fill*         0x200002ae        0x2 
 .bss.SSD1306_Buffer
                0x200002b0      0x400 build/ssd1306.o
 .bss.__sbrk_heap_end
                0x200006b0        0x4 build/sysmem.o
 .bss.startTime.0
                0x200006b4        0x4 build/welder.o
 .bss.started.1
                0x200006b8        0x1 build/welder.o
 .bss.etrig.2   0x200006b9        0x1 build/welder.o
 .bss.ttrig.3   0x200006ba        0x1 build/welder.o
 *fill*         0x200006bb        0x1 
 .bss.startTime.4
                0x200006bc        0x4 build/welder.o
 .bss.started.5
                0x200006c0        0x1 build/welder.o
 *fill*         0x200006c1        0x3 
 .bss.prev_millis.6
                0x200006c4        0x4 build/welder.o
 .bss.set_curr.7
                0x200006c8        0x2 build/welder.o
 .bss.enc_last.9
                0x200006ca        0x2 build/welder.o
 .bss.set.10    0x200006cc        0x1 build/welder.o
 *fill*         0x200006cd        0x3 
 .bss.last_millis.11
                0x200006d0        0x4 build/welder.o
 .bss.menu.12   0x200006d4        0x1 build/welder.o
 *fill*         0x200006d5        0x3 
 .bss.pcf8574_2
                0x200006d8        0x8 build/welder.o
                0x200006d8                pcf8574_2
 .bss.pcf8574_1
                0x200006e0        0x8 build/welder.o
                0x200006e0                pcf8574_1
 .bss.state     0x200006e8        0x1 build/welder.o
                0x200006e8                state
 .bss.welding_mode
                0x200006e9        0x1 build/welder.o
                0x200006e9                welding_mode
 *fill*         0x200006ea        0x2 
 .bss.adc_buffer
                0x200006ec        0x8 build/welder.o
                0x200006ec                adc_buffer
 .bss.pedal_connected
                0x200006f4        0x1 build/welder.o
                0x200006f4                pedal_connected
 .bss.encoder_button
                0x200006f5        0x1 build/welder.o
                0x200006f5                encoder_button
 .bss.torch_trigger
                0x200006f6        0x1 build/welder.o
                0x200006f6                torch_trigger
 *fill*         0x200006f7        0x1 
 .bss.postflow_time
                0x200006f8        0x2 build/welder.o
                0x200006f8                postflow_time
 .bss.preflow_time
                0x200006fa        0x2 build/welder.o
                0x200006fa                preflow_time
 .bss.downslope_time
                0x200006fc        0x2 build/welder.o
                0x200006fc                downslope_time
 .bss.upslope_time
                0x200006fe        0x2 build/welder.o
                0x200006fe                upslope_time
 .bss.pulse_duty
                0x20000700        0x1 build/welder.o
                0x20000700                pulse_duty
 *fill*         0x20000701        0x3 
 .bss.pulse_frequency
                0x20000704        0x4 build/welder.o
                0x20000704                pulse_frequency
 .bss.ac_duty   0x20000708        0x1 build/welder.o
                0x20000708                ac_duty
 .bss.ac_frequency
                0x20000709        0x1 build/welder.o
                0x20000709                ac_frequency
 .bss.start_current
                0x2000070a        0x1 build/welder.o
                0x2000070a                start_current
 .bss.crater_current
                0x2000070b        0x1 build/welder.o
                0x2000070b                crater_current
 .bss.background_current
                0x2000070c        0x1 build/welder.o
                0x2000070c                background_current
 .bss.base_current
                0x2000070d        0x1 build/welder.o
                0x2000070d                base_current
 *fill*         0x2000070e        0x2 
 .bss.uwTick    0x20000710        0x4 build/stm32f4xx_hal.o
                0x20000710                uwTick
 .bss.__sf      0x20000714      0x138 /usr/lib/gcc/arm-none-eabi/14.2.0/../../../../arm-none-eabi/lib/thumb/v7e-m+fp/hard/libc_nano.a(libc_a-findfp.o)
                0x20000714                __sf
 .bss.errno     0x2000084c        0x4 /usr/lib/gcc/arm-none-eabi/14.2.0/../../../../arm-none-eabi/lib/thumb/v7e-m+fp/hard/libc_nano.a(libc_a-reent.o)
                0x2000084c                errno
 .bss.__lock___malloc_recursive_mutex
                0x20000850        0x1 /usr/lib/gcc/arm-none-eabi/14.2.0/../../../../arm-none-eabi/lib/thumb/v7e-m+fp/hard/libc_nano.a(libc_a-lock.o)
                0x20000850                __lock___malloc_recursive_mutex
 *fill*         0x20000851        0x3 
 .bss.__malloc_sbrk_start
                0x20000854        0x4 /usr/lib/gcc/arm-none-eabi/14.2.0/../../../../arm-none-eabi/lib/thumb/v7e-m+fp/hard/libc_nano.a(libc_a-mallocr.o)
                0x20000854                __malloc_sbrk_start
 .bss.__malloc_free_list
                0x20000858        0x4 /usr/lib/gcc/arm-none-eabi/14.2.0/../../../../arm-none-eabi/lib/thumb/v7e-m+fp/hard/libc_nano.a(libc_a-mallocr.o)
                0x20000858                __malloc_free_list
 *(COMMON)
                0x2000085c                        . = ALIGN (0x4)
                0x2000085c                        _ebss = .
                0x2000085c                        __bss_end__ = _ebss

._user_heap_stack
                0x2000085c      0x604 load address 0x080077c0
                0x20000860                        . = ALIGN (0x8)
 *fill*         0x2000085c        0x4 
                [!provide]                        PROVIDE (end = .)
                0x20000860                        PROVIDE (_end = .)
                0x20000a60                        . = (. + _Min_Heap_Size)
 *fill*         0x20000860      0x200 
                0x20000e60                        . = (. + _Min_Stack_Size)
 *fill*         0x20000a60      0x400 
                0x20000e60                        . = ALIGN (0x8)

/DISCARD/
 libc.a(*)
 libm.a(*)
 libgcc.a(*)

.ARM.attributes
                0x00000000       0x30
 *(.ARM.attributes)
 .ARM.attributes
                0x00000000       0x22 /usr/lib/gcc/arm-none-eabi/14.2.0/thumb/v7e-m+fp/hard/crti.o
 .ARM.attributes
                0x00000022       0x34 /usr/lib/gcc/arm-none-eabi/14.2.0/thumb/v7e-m+fp/hard/crtbegin.o
 .ARM.attributes
                0x00000056       0x34 build/main.o
 .ARM.attributes
                0x0000008a       0x34 build/pcf8574.o
 .ARM.attributes
                0x000000be       0x34 build/ssd1306.o
 .ARM.attributes
                0x000000f2       0x34 build/ssd1306_fonts.o
 .ARM.attributes
                0x00000126       0x34 build/stm32f4xx_hal_msp.o
 .ARM.attributes
                0x0000015a       0x34 build/stm32f4xx_it.o
 .ARM.attributes
                0x0000018e       0x34 build/sysmem.o
 .ARM.attributes
                0x000001c2       0x34 build/system_stm32f4xx.o
 .ARM.attributes
                0x000001f6       0x34 build/welder.o
 .ARM.attributes
                0x0000022a       0x34 build/stm32f4xx_hal.o
 .ARM.attributes
                0x0000025e       0x34 build/stm32f4xx_hal_adc.o
 .ARM.attributes
                0x00000292       0x34 build/stm32f4xx_hal_cortex.o
 .ARM.attributes
                0x000002c6       0x34 build/stm32f4xx_hal_dma.o
 .ARM.attributes
                0x000002fa       0x34 build/stm32f4xx_hal_gpio.o
 .ARM.attributes
                0x0000032e       0x34 build/stm32f4xx_hal_i2c.o
 .ARM.attributes
                0x00000362       0x34 build/stm32f4xx_hal_rcc.o
 .ARM.attributes
                0x00000396       0x34 build/stm32f4xx_hal_tim.o
 .ARM.attributes
                0x000003ca       0x34 build/stm32f4xx_hal_tim_ex.o
 .ARM.attributes
                0x000003fe       0x21 build/startup_stm32f401xc.o
 .ARM.attributes
                0x0000041f       0x34 /usr/lib/gcc/arm-none-eabi/14.2.0/../../../../arm-none-eabi/lib/thumb/v7e-m+fp/hard/libc_nano.a(libc_a-findfp.o)
 .ARM.attributes
                0x00000453       0x34 /usr/lib/gcc/arm-none-eabi/14.2.0/../../../../arm-none-eabi/lib/thumb/v7e-m+fp/hard/libc_nano.a(libc_a-snprintf.o)
 .ARM.attributes
                0x00000487       0x34 /usr/lib/gcc/arm-none-eabi/14.2.0/../../../../arm-none-eabi/lib/thumb/v7e-m+fp/hard/libc_nano.a(libc_a-memset.o)
 .ARM.attributes
                0x000004bb       0x34 /usr/lib/gcc/arm-none-eabi/14.2.0/../../../../arm-none-eabi/lib/thumb/v7e-m+fp/hard/libc_nano.a(libc_a-reent.o)
 .ARM.attributes
                0x000004ef       0x34 /usr/lib/gcc/arm-none-eabi/14.2.0/../../../../arm-none-eabi/lib/thumb/v7e-m+fp/hard/libc_nano.a(libc_a-impure.o)
 .ARM.attributes
                0x00000523       0x34 /usr/lib/gcc/arm-none-eabi/14.2.0/../../../../arm-none-eabi/lib/thumb/v7e-m+fp/hard/libc_nano.a(libc_a-errno.o)
 .ARM.attributes
                0x00000557       0x34 /usr/lib/gcc/arm-none-eabi/14.2.0/../../../../arm-none-eabi/lib/thumb/v7e-m+fp/hard/libc_nano.a(libc_a-init.o)
 .ARM.attributes
                0x0000058b       0x34 /usr/lib/gcc/arm-none-eabi/14.2.0/../../../../arm-none-eabi/lib/thumb/v7e-m+fp/hard/libc_nano.a(libc_a-lock.o)
 .ARM.attributes
                0x000005bf       0x34 /usr/lib/gcc/arm-none-eabi/14.2.0/../../../../arm-none-eabi/lib/thumb/v7e-m+fp/hard/libc_nano.a(libc_a-memcpy-stub.o)
 .ARM.attributes
                0x000005f3       0x34 /usr/lib/gcc/arm-none-eabi/14.2.0/../../../../arm-none-eabi/lib/thumb/v7e-m+fp/hard/libc_nano.a(libc_a-freer.o)
 .ARM.attributes
                0x00000627       0x34 /usr/lib/gcc/arm-none-eabi/14.2.0/../../../../arm-none-eabi/lib/thumb/v7e-m+fp/hard/libc_nano.a(libc_a-mallocr.o)
 .ARM.attributes
                0x0000065b       0x34 /usr/lib/gcc/arm-none-eabi/14.2.0/../../../../arm-none-eabi/lib/thumb/v7e-m+fp/hard/libc_nano.a(libc_a-mlock.o)
 .ARM.attributes
                0x0000068f       0x34 /usr/lib/gcc/arm-none-eabi/14.2.0/../../../../arm-none-eabi/lib/thumb/v7e-m+fp/hard/libc_nano.a(libc_a-nano-svfprintf.o)
 .ARM.attributes
                0x000006c3       0x34 /usr/lib/gcc/arm-none-eabi/14.2.0/../../../../arm-none-eabi/lib/thumb/v7e-m+fp/hard/libc_nano.a(libc_a-nano-vfprintf_i.o)
 .ARM.attributes
                0x000006f7       0x34 /usr/lib/gcc/arm-none-eabi/14.2.0/../../../../arm-none-eabi/lib/thumb/v7e-m+fp/hard/libc_nano.a(libc_a-memmove.o)
 .ARM.attributes
                0x0000072b       0x34 /usr/lib/gcc/arm-none-eabi/14.2.0/../../../../arm-none-eabi/lib/thumb/v7e-m+fp/hard/libc_nano.a(libc_a-sbrkr.o)
 .ARM.attributes
                0x0000075f       0x1c /usr/lib/gcc/arm-none-eabi/14.2.0/../../../../arm-none-eabi/lib/thumb/v7e-m+fp/hard/libc_nano.a(libc_a-memchr.o)
 .ARM.attributes
                0x0000077b       0x34 /usr/lib/gcc/arm-none-eabi/14.2.0/../../../../arm-none-eabi/lib/thumb/v7e-m+fp/hard/libc_nano.a(libc_a-reallocr.o)
 .ARM.attributes
                0x000007af       0x34 /usr/lib/gcc/arm-none-eabi/14.2.0/../../../../arm-none-eabi/lib/thumb/v7e-m+fp/hard/libc_nano.a(libc_a-msizer.o)
 .ARM.attributes
                0x000007e3       0x22 /usr/lib/gcc/arm-none-eabi/14.2.0/thumb/v7e-m+fp/hard/libgcc.a(_arm_addsubdf3.o)
 .ARM.attributes
                0x00000805       0x22 /usr/lib/gcc/arm-none-eabi/14.2.0/thumb/v7e-m+fp/hard/libgcc.a(_arm_muldivdf3.o)
 .ARM.attributes
                0x00000827       0x22 /usr/lib/gcc/arm-none-eabi/14.2.0/thumb/v7e-m+fp/hard/libgcc.a(_arm_fixunsdfsi.o)
 .ARM.attributes
                0x00000849       0x22 /usr/lib/gcc/arm-none-eabi/14.2.0/thumb/v7e-m+fp/hard/libgcc.a(_aeabi_uldivmod.o)
 .ARM.attributes
                0x0000086b       0x34 /usr/lib/gcc/arm-none-eabi/14.2.0/thumb/v7e-m+fp/hard/libgcc.a(_udivmoddi4.o)
 .ARM.attributes
                0x0000089f       0x22 /usr/lib/gcc/arm-none-eabi/14.2.0/thumb/v7e-m+fp/hard/libgcc.a(_dvmd_tls.o)
 .ARM.attributes
                0x000008c1       0x22 /usr/lib/gcc/arm-none-eabi/14.2.0/thumb/v7e-m+fp/hard/crtn.o
OUTPUT(build/STM_Welder_Controller.elf elf32-littlearm)
LOAD linker stubs
LOAD /usr/lib/gcc/arm-none-eabi/14.2.0/../../../../arm-none-eabi/lib/thumb/v7e-m+fp/hard/libc.a
LOAD /usr/lib/gcc/arm-none-eabi/14.2.0/../../../../arm-none-eabi/lib/thumb/v7e-m+fp/hard/libm.a
LOAD /usr/lib/gcc/arm-none-eabi/14.2.0/thumb/v7e-m+fp/hard/libgcc.a

.debug_info     0x00000000    0x1e9ee
 .debug_info    0x00000000     0x1c9d build/main.o
 .debug_info    0x00001c9d      0x8e8 build/pcf8574.o
 .debug_info    0x00002585     0x1cdf build/ssd1306.o
 .debug_info    0x00004264      0x2a0 build/ssd1306_fonts.o
 .debug_info    0x00004504     0x15bf build/stm32f4xx_hal_msp.o
 .debug_info    0x00005ac3      0x7de build/stm32f4xx_it.o
 .debug_info    0x000062a1      0x171 build/sysmem.o
 .debug_info    0x00006412      0x553 build/system_stm32f4xx.o
 .debug_info    0x00006965     0x1ef5 build/welder.o
 .debug_info    0x0000885a      0x959 build/stm32f4xx_hal.o
 .debug_info    0x000091b3      0xe7f build/stm32f4xx_hal_adc.o
 .debug_info    0x0000a032      0xf5f build/stm32f4xx_hal_cortex.o
 .debug_info    0x0000af91      0xad8 build/stm32f4xx_hal_dma.o
 .debug_info    0x0000ba69      0x73a build/stm32f4xx_hal_gpio.o
 .debug_info    0x0000c1a3     0x3816 build/stm32f4xx_hal_i2c.o
 .debug_info    0x0000f9b9      0xaaf build/stm32f4xx_hal_rcc.o
 .debug_info    0x00010468     0x3c4c build/stm32f4xx_hal_tim.o
 .debug_info    0x000140b4     0x1ad7 build/stm32f4xx_hal_tim_ex.o
 .debug_info    0x00015b8b       0x30 build/startup_stm32f401xc.o
 .debug_info    0x00015bbb      0xfb8 /usr/lib/gcc/arm-none-eabi/14.2.0/../../../../arm-none-eabi/lib/thumb/v7e-m+fp/hard/libc_nano.a(libc_a-findfp.o)
 .debug_info    0x00016b73      0x8b9 /usr/lib/gcc/arm-none-eabi/14.2.0/../../../../arm-none-eabi/lib/thumb/v7e-m+fp/hard/libc_nano.a(libc_a-snprintf.o)
 .debug_info    0x0001742c       0xe0 /usr/lib/gcc/arm-none-eabi/14.2.0/../../../../arm-none-eabi/lib/thumb/v7e-m+fp/hard/libc_nano.a(libc_a-memset.o)
 .debug_info    0x0001750c      0x8a1 /usr/lib/gcc/arm-none-eabi/14.2.0/../../../../arm-none-eabi/lib/thumb/v7e-m+fp/hard/libc_nano.a(libc_a-reent.o)
 .debug_info    0x00017dad      0x715 /usr/lib/gcc/arm-none-eabi/14.2.0/../../../../arm-none-eabi/lib/thumb/v7e-m+fp/hard/libc_nano.a(libc_a-impure.o)
 .debug_info    0x000184c2      0x6fb /usr/lib/gcc/arm-none-eabi/14.2.0/../../../../arm-none-eabi/lib/thumb/v7e-m+fp/hard/libc_nano.a(libc_a-errno.o)
 .debug_info    0x00018bbd      0x10b /usr/lib/gcc/arm-none-eabi/14.2.0/../../../../arm-none-eabi/lib/thumb/v7e-m+fp/hard/libc_nano.a(libc_a-init.o)
 .debug_info    0x00018cc8      0x218 /usr/lib/gcc/arm-none-eabi/14.2.0/../../../../arm-none-eabi/lib/thumb/v7e-m+fp/hard/libc_nano.a(libc_a-lock.o)
 .debug_info    0x00018ee0      0x121 /usr/lib/gcc/arm-none-eabi/14.2.0/../../../../arm-none-eabi/lib/thumb/v7e-m+fp/hard/libc_nano.a(libc_a-memcpy-stub.o)
 .debug_info    0x00019001      0x851 /usr/lib/gcc/arm-none-eabi/14.2.0/../../../../arm-none-eabi/lib/thumb/v7e-m+fp/hard/libc_nano.a(libc_a-freer.o)
 .debug_info    0x00019852      0x9bc /usr/lib/gcc/arm-none-eabi/14.2.0/../../../../arm-none-eabi/lib/thumb/v7e-m+fp/hard/libc_nano.a(libc_a-mallocr.o)
 .debug_info    0x0001a20e      0x76b /usr/lib/gcc/arm-none-eabi/14.2.0/../../../../arm-none-eabi/lib/thumb/v7e-m+fp/hard/libc_nano.a(libc_a-mlock.o)
 .debug_info    0x0001a979     0x10b3 /usr/lib/gcc/arm-none-eabi/14.2.0/../../../../arm-none-eabi/lib/thumb/v7e-m+fp/hard/libc_nano.a(libc_a-nano-svfprintf.o)
 .debug_info    0x0001ba2c      0xde2 /usr/lib/gcc/arm-none-eabi/14.2.0/../../../../arm-none-eabi/lib/thumb/v7e-m+fp/hard/libc_nano.a(libc_a-nano-vfprintf_i.o)
 .debug_info    0x0001c80e      0x10f /usr/lib/gcc/arm-none-eabi/14.2.0/../../../../arm-none-eabi/lib/thumb/v7e-m+fp/hard/libc_nano.a(libc_a-memmove.o)
 .debug_info    0x0001c91d      0x782 /usr/lib/gcc/arm-none-eabi/14.2.0/../../../../arm-none-eabi/lib/thumb/v7e-m+fp/hard/libc_nano.a(libc_a-sbrkr.o)
 .debug_info    0x0001d09f       0x25 /usr/lib/gcc/arm-none-eabi/14.2.0/../../../../arm-none-eabi/lib/thumb/v7e-m+fp/hard/libc_nano.a(libc_a-memchr.o)
 .debug_info    0x0001d0c4      0x8cd /usr/lib/gcc/arm-none-eabi/14.2.0/../../../../arm-none-eabi/lib/thumb/v7e-m+fp/hard/libc_nano.a(libc_a-reallocr.o)
 .debug_info    0x0001d991      0x794 /usr/lib/gcc/arm-none-eabi/14.2.0/../../../../arm-none-eabi/lib/thumb/v7e-m+fp/hard/libc_nano.a(libc_a-msizer.o)
 .debug_info    0x0001e125       0xd3 /usr/lib/gcc/arm-none-eabi/14.2.0/thumb/v7e-m+fp/hard/libgcc.a(_arm_addsubdf3.o)
 .debug_info    0x0001e1f8       0x57 /usr/lib/gcc/arm-none-eabi/14.2.0/thumb/v7e-m+fp/hard/libgcc.a(_arm_muldivdf3.o)
 .debug_info    0x0001e24f       0x3c /usr/lib/gcc/arm-none-eabi/14.2.0/thumb/v7e-m+fp/hard/libgcc.a(_arm_fixunsdfsi.o)
 .debug_info    0x0001e28b       0x24 /usr/lib/gcc/arm-none-eabi/14.2.0/thumb/v7e-m+fp/hard/libgcc.a(_aeabi_uldivmod.o)
 .debug_info    0x0001e2af      0x703 /usr/lib/gcc/arm-none-eabi/14.2.0/thumb/v7e-m+fp/hard/libgcc.a(_udivmoddi4.o)
 .debug_info    0x0001e9b2       0x3c /usr/lib/gcc/arm-none-eabi/14.2.0/thumb/v7e-m+fp/hard/libgcc.a(_dvmd_tls.o)

.debug_abbrev   0x00000000     0x4d4f
 .debug_abbrev  0x00000000      0x300 build/main.o
 .debug_abbrev  0x00000300      0x1c3 build/pcf8574.o
 .debug_abbrev  0x000004c3      0x390 build/ssd1306.o
 .debug_abbrev  0x00000853       0xcd build/ssd1306_fonts.o
 .debug_abbrev  0x00000920      0x280 build/stm32f4xx_hal_msp.o
 .debug_abbrev  0x00000ba0      0x21e build/stm32f4xx_it.o
 .debug_abbrev  0x00000dbe       0xea build/sysmem.o
 .debug_abbrev  0x00000ea8      0x11e build/system_stm32f4xx.o
 .debug_abbrev  0x00000fc6      0x38f build/welder.o
 .debug_abbrev  0x00001355      0x277 build/stm32f4xx_hal.o
 .debug_abbrev  0x000015cc      0x234 build/stm32f4xx_hal_adc.o
 .debug_abbrev  0x00001800      0x391 build/stm32f4xx_hal_cortex.o
 .debug_abbrev  0x00001b91      0x27d build/stm32f4xx_hal_dma.o
 .debug_abbrev  0x00001e0e      0x201 build/stm32f4xx_hal_gpio.o
 .debug_abbrev  0x0000200f      0x2d2 build/stm32f4xx_hal_i2c.o
 .debug_abbrev  0x000022e1      0x2c6 build/stm32f4xx_hal_rcc.o
 .debug_abbrev  0x000025a7      0x284 build/stm32f4xx_hal_tim.o
 .debug_abbrev  0x0000282b      0x282 build/stm32f4xx_hal_tim_ex.o
 .debug_abbrev  0x00002aad       0x24 build/startup_stm32f401xc.o
 .debug_abbrev  0x00002ad1      0x424 /usr/lib/gcc/arm-none-eabi/14.2.0/../../../../arm-none-eabi/lib/thumb/v7e-m+fp/hard/libc_nano.a(libc_a-findfp.o)
 .debug_abbrev  0x00002ef5      0x231 /usr/lib/gcc/arm-none-eabi/14.2.0/../../../../arm-none-eabi/lib/thumb/v7e-m+fp/hard/libc_nano.a(libc_a-snprintf.o)
 .debug_abbrev  0x00003126       0x9e /usr/lib/gcc/arm-none-eabi/14.2.0/../../../../arm-none-eabi/lib/thumb/v7e-m+fp/hard/libc_nano.a(libc_a-memset.o)
 .debug_abbrev  0x000031c4      0x1f7 /usr/lib/gcc/arm-none-eabi/14.2.0/../../../../arm-none-eabi/lib/thumb/v7e-m+fp/hard/libc_nano.a(libc_a-reent.o)
 .debug_abbrev  0x000033bb      0x149 /usr/lib/gcc/arm-none-eabi/14.2.0/../../../../arm-none-eabi/lib/thumb/v7e-m+fp/hard/libc_nano.a(libc_a-impure.o)
 .debug_abbrev  0x00003504      0x15e /usr/lib/gcc/arm-none-eabi/14.2.0/../../../../arm-none-eabi/lib/thumb/v7e-m+fp/hard/libc_nano.a(libc_a-errno.o)
 .debug_abbrev  0x00003662       0xc9 /usr/lib/gcc/arm-none-eabi/14.2.0/../../../../arm-none-eabi/lib/thumb/v7e-m+fp/hard/libc_nano.a(libc_a-init.o)
 .debug_abbrev  0x0000372b      0x115 /usr/lib/gcc/arm-none-eabi/14.2.0/../../../../arm-none-eabi/lib/thumb/v7e-m+fp/hard/libc_nano.a(libc_a-lock.o)
 .debug_abbrev  0x00003840       0xc1 /usr/lib/gcc/arm-none-eabi/14.2.0/../../../../arm-none-eabi/lib/thumb/v7e-m+fp/hard/libc_nano.a(libc_a-memcpy-stub.o)
 .debug_abbrev  0x00003901      0x236 /usr/lib/gcc/arm-none-eabi/14.2.0/../../../../arm-none-eabi/lib/thumb/v7e-m+fp/hard/libc_nano.a(libc_a-freer.o)
 .debug_abbrev  0x00003b37      0x24a /usr/lib/gcc/arm-none-eabi/14.2.0/../../../../arm-none-eabi/lib/thumb/v7e-m+fp/hard/libc_nano.a(libc_a-mallocr.o)
 .debug_abbrev  0x00003d81      0x1bf /usr/lib/gcc/arm-none-eabi/14.2.0/../../../../arm-none-eabi/lib/thumb/v7e-m+fp/hard/libc_nano.a(libc_a-mlock.o)
 .debug_abbrev  0x00003f40      0x31e /usr/lib/gcc/arm-none-eabi/14.2.0/../../../../arm-none-eabi/lib/thumb/v7e-m+fp/hard/libc_nano.a(libc_a-nano-svfprintf.o)
 .debug_abbrev  0x0000425e      0x28e /usr/lib/gcc/arm-none-eabi/14.2.0/../../../../arm-none-eabi/lib/thumb/v7e-m+fp/hard/libc_nano.a(libc_a-nano-vfprintf_i.o)
 .debug_abbrev  0x000044ec       0xac /usr/lib/gcc/arm-none-eabi/14.2.0/../../../../arm-none-eabi/lib/thumb/v7e-m+fp/hard/libc_nano.a(libc_a-memmove.o)
 .debug_abbrev  0x00004598      0x1da /usr/lib/gcc/arm-none-eabi/14.2.0/../../../../arm-none-eabi/lib/thumb/v7e-m+fp/hard/libc_nano.a(libc_a-sbrkr.o)
 .debug_abbrev  0x00004772       0x14 /usr/lib/gcc/arm-none-eabi/14.2.0/../../../../arm-none-eabi/lib/thumb/v7e-m+fp/hard/libc_nano.a(libc_a-memchr.o)
 .debug_abbrev  0x00004786      0x217 /usr/lib/gcc/arm-none-eabi/14.2.0/../../../../arm-none-eabi/lib/thumb/v7e-m+fp/hard/libc_nano.a(libc_a-reallocr.o)
 .debug_abbrev  0x0000499d      0x196 /usr/lib/gcc/arm-none-eabi/14.2.0/../../../../arm-none-eabi/lib/thumb/v7e-m+fp/hard/libc_nano.a(libc_a-msizer.o)
 .debug_abbrev  0x00004b33       0x28 /usr/lib/gcc/arm-none-eabi/14.2.0/thumb/v7e-m+fp/hard/libgcc.a(_arm_addsubdf3.o)
 .debug_abbrev  0x00004b5b       0x28 /usr/lib/gcc/arm-none-eabi/14.2.0/thumb/v7e-m+fp/hard/libgcc.a(_arm_muldivdf3.o)
 .debug_abbrev  0x00004b83       0x28 /usr/lib/gcc/arm-none-eabi/14.2.0/thumb/v7e-m+fp/hard/libgcc.a(_arm_fixunsdfsi.o)
 .debug_abbrev  0x00004bab       0x14 /usr/lib/gcc/arm-none-eabi/14.2.0/thumb/v7e-m+fp/hard/libgcc.a(_aeabi_uldivmod.o)
 .debug_abbrev  0x00004bbf      0x16a /usr/lib/gcc/arm-none-eabi/14.2.0/thumb/v7e-m+fp/hard/libgcc.a(_udivmoddi4.o)
 .debug_abbrev  0x00004d29       0x26 /usr/lib/gcc/arm-none-eabi/14.2.0/thumb/v7e-m+fp/hard/libgcc.a(_dvmd_tls.o)

.debug_aranges  0x00000000     0x13a8
 .debug_aranges
                0x00000000       0x78 build/main.o
 .debug_aranges
                0x00000078       0x48 build/pcf8574.o
 .debug_aranges
                0x000000c0       0xe8 build/ssd1306.o
 .debug_aranges
                0x000001a8       0x18 build/ssd1306_fonts.o
 .debug_aranges
                0x000001c0       0x68 build/stm32f4xx_hal_msp.o
 .debug_aranges
                0x00000228       0x88 build/stm32f4xx_it.o
 .debug_aranges
                0x000002b0       0x20 build/sysmem.o
 .debug_aranges
                0x000002d0       0x28 build/system_stm32f4xx.o
 .debug_aranges
                0x000002f8       0x80 build/welder.o
 .debug_aranges
                0x00000378       0xf0 build/stm32f4xx_hal.o
 .debug_aranges
                0x00000468       0xe8 build/stm32f4xx_hal_adc.o
 .debug_aranges
                0x00000550       0xf8 build/stm32f4xx_hal_cortex.o
 .debug_aranges
                0x00000648       0x90 build/stm32f4xx_hal_dma.o
 .debug_aranges
                0x000006d8       0x58 build/stm32f4xx_hal_gpio.o
 .debug_aranges
                0x00000730      0x2a8 build/stm32f4xx_hal_i2c.o
 .debug_aranges
                0x000009d8       0x88 build/stm32f4xx_hal_rcc.o
 .debug_aranges
                0x00000a60      0x3d0 build/stm32f4xx_hal_tim.o
 .debug_aranges
                0x00000e30      0x168 build/stm32f4xx_hal_tim_ex.o
 .debug_aranges
                0x00000f98       0x28 build/startup_stm32f401xc.o
 .debug_aranges
                0x00000fc0       0x78 /usr/lib/gcc/arm-none-eabi/14.2.0/../../../../arm-none-eabi/lib/thumb/v7e-m+fp/hard/libc_nano.a(libc_a-findfp.o)
 .debug_aranges
                0x00001038       0x28 /usr/lib/gcc/arm-none-eabi/14.2.0/../../../../arm-none-eabi/lib/thumb/v7e-m+fp/hard/libc_nano.a(libc_a-snprintf.o)
 .debug_aranges
                0x00001060       0x20 /usr/lib/gcc/arm-none-eabi/14.2.0/../../../../arm-none-eabi/lib/thumb/v7e-m+fp/hard/libc_nano.a(libc_a-memset.o)
 .debug_aranges
                0x00001080       0x20 /usr/lib/gcc/arm-none-eabi/14.2.0/../../../../arm-none-eabi/lib/thumb/v7e-m+fp/hard/libc_nano.a(libc_a-reent.o)
 .debug_aranges
                0x000010a0       0x18 /usr/lib/gcc/arm-none-eabi/14.2.0/../../../../arm-none-eabi/lib/thumb/v7e-m+fp/hard/libc_nano.a(libc_a-impure.o)
 .debug_aranges
                0x000010b8       0x20 /usr/lib/gcc/arm-none-eabi/14.2.0/../../../../arm-none-eabi/lib/thumb/v7e-m+fp/hard/libc_nano.a(libc_a-errno.o)
 .debug_aranges
                0x000010d8       0x20 /usr/lib/gcc/arm-none-eabi/14.2.0/../../../../arm-none-eabi/lib/thumb/v7e-m+fp/hard/libc_nano.a(libc_a-init.o)
 .debug_aranges
                0x000010f8       0x68 /usr/lib/gcc/arm-none-eabi/14.2.0/../../../../arm-none-eabi/lib/thumb/v7e-m+fp/hard/libc_nano.a(libc_a-lock.o)
 .debug_aranges
                0x00001160       0x20 /usr/lib/gcc/arm-none-eabi/14.2.0/../../../../arm-none-eabi/lib/thumb/v7e-m+fp/hard/libc_nano.a(libc_a-memcpy-stub.o)
 .debug_aranges
                0x00001180       0x20 /usr/lib/gcc/arm-none-eabi/14.2.0/../../../../arm-none-eabi/lib/thumb/v7e-m+fp/hard/libc_nano.a(libc_a-freer.o)
 .debug_aranges
                0x000011a0       0x28 /usr/lib/gcc/arm-none-eabi/14.2.0/../../../../arm-none-eabi/lib/thumb/v7e-m+fp/hard/libc_nano.a(libc_a-mallocr.o)
 .debug_aranges
                0x000011c8       0x28 /usr/lib/gcc/arm-none-eabi/14.2.0/../../../../arm-none-eabi/lib/thumb/v7e-m+fp/hard/libc_nano.a(libc_a-mlock.o)
 .debug_aranges
                0x000011f0       0x30 /usr/lib/gcc/arm-none-eabi/14.2.0/../../../../arm-none-eabi/lib/thumb/v7e-m+fp/hard/libc_nano.a(libc_a-nano-svfprintf.o)
 .debug_aranges
                0x00001220       0x28 /usr/lib/gcc/arm-none-eabi/14.2.0/../../../../arm-none-eabi/lib/thumb/v7e-m+fp/hard/libc_nano.a(libc_a-nano-vfprintf_i.o)
 .debug_aranges
                0x00001248       0x20 /usr/lib/gcc/arm-none-eabi/14.2.0/../../../../arm-none-eabi/lib/thumb/v7e-m+fp/hard/libc_nano.a(libc_a-memmove.o)
 .debug_aranges
                0x00001268       0x20 /usr/lib/gcc/arm-none-eabi/14.2.0/../../../../arm-none-eabi/lib/thumb/v7e-m+fp/hard/libc_nano.a(libc_a-sbrkr.o)
 .debug_aranges
                0x00001288       0x20 /usr/lib/gcc/arm-none-eabi/14.2.0/../../../../arm-none-eabi/lib/thumb/v7e-m+fp/hard/libc_nano.a(libc_a-memchr.o)
 .debug_aranges
                0x000012a8       0x20 /usr/lib/gcc/arm-none-eabi/14.2.0/../../../../arm-none-eabi/lib/thumb/v7e-m+fp/hard/libc_nano.a(libc_a-reallocr.o)
 .debug_aranges
                0x000012c8       0x20 /usr/lib/gcc/arm-none-eabi/14.2.0/../../../../arm-none-eabi/lib/thumb/v7e-m+fp/hard/libc_nano.a(libc_a-msizer.o)
 .debug_aranges
                0x000012e8       0x20 /usr/lib/gcc/arm-none-eabi/14.2.0/thumb/v7e-m+fp/hard/libgcc.a(_arm_addsubdf3.o)
 .debug_aranges
                0x00001308       0x20 /usr/lib/gcc/arm-none-eabi/14.2.0/thumb/v7e-m+fp/hard/libgcc.a(_arm_muldivdf3.o)
 .debug_aranges
                0x00001328       0x20 /usr/lib/gcc/arm-none-eabi/14.2.0/thumb/v7e-m+fp/hard/libgcc.a(_arm_fixunsdfsi.o)
 .debug_aranges
                0x00001348       0x20 /usr/lib/gcc/arm-none-eabi/14.2.0/thumb/v7e-m+fp/hard/libgcc.a(_aeabi_uldivmod.o)
 .debug_aranges
                0x00001368       0x20 /usr/lib/gcc/arm-none-eabi/14.2.0/thumb/v7e-m+fp/hard/libgcc.a(_udivmoddi4.o)
 .debug_aranges
                0x00001388       0x20 /usr/lib/gcc/arm-none-eabi/14.2.0/thumb/v7e-m+fp/hard/libgcc.a(_dvmd_tls.o)

.debug_rnglists
                0x00000000      0xfa6
 .debug_rnglists
                0x00000000       0x59 build/main.o
 .debug_rnglists
                0x00000059       0x31 build/pcf8574.o
 .debug_rnglists
                0x0000008a       0xfa build/ssd1306.o
 .debug_rnglists
                0x00000184       0x4d build/stm32f4xx_hal_msp.o
 .debug_rnglists
                0x000001d1       0x61 build/stm32f4xx_it.o
 .debug_rnglists
                0x00000232       0x13 build/sysmem.o
 .debug_rnglists
                0x00000245       0x1a build/system_stm32f4xx.o
 .debug_rnglists
                0x0000025f       0x9b build/welder.o
 .debug_rnglists
                0x000002fa       0xaf build/stm32f4xx_hal.o
 .debug_rnglists
                0x000003a9       0xb0 build/stm32f4xx_hal_adc.o
 .debug_rnglists
                0x00000459       0xb5 build/stm32f4xx_hal_cortex.o
 .debug_rnglists
                0x0000050e       0x6c build/stm32f4xx_hal_dma.o
 .debug_rnglists
                0x0000057a       0x3f build/stm32f4xx_hal_gpio.o
 .debug_rnglists
                0x000005b9      0x236 build/stm32f4xx_hal_i2c.o
 .debug_rnglists
                0x000007ef       0x75 build/stm32f4xx_hal_rcc.o
 .debug_rnglists
                0x00000864      0x2ff build/stm32f4xx_hal_tim.o
 .debug_rnglists
                0x00000b63      0x11a build/stm32f4xx_hal_tim_ex.o
 .debug_rnglists
                0x00000c7d       0x19 build/startup_stm32f401xc.o
 .debug_rnglists
                0x00000c96       0x7d /usr/lib/gcc/arm-none-eabi/14.2.0/../../../../arm-none-eabi/lib/thumb/v7e-m+fp/hard/libc_nano.a(libc_a-findfp.o)
 .debug_rnglists
                0x00000d13       0x19 /usr/lib/gcc/arm-none-eabi/14.2.0/../../../../arm-none-eabi/lib/thumb/v7e-m+fp/hard/libc_nano.a(libc_a-snprintf.o)
 .debug_rnglists
                0x00000d2c       0x13 /usr/lib/gcc/arm-none-eabi/14.2.0/../../../../arm-none-eabi/lib/thumb/v7e-m+fp/hard/libc_nano.a(libc_a-memset.o)
 .debug_rnglists
                0x00000d3f       0x2c /usr/lib/gcc/arm-none-eabi/14.2.0/../../../../arm-none-eabi/lib/thumb/v7e-m+fp/hard/libc_nano.a(libc_a-reent.o)
 .debug_rnglists
                0x00000d6b       0x13 /usr/lib/gcc/arm-none-eabi/14.2.0/../../../../arm-none-eabi/lib/thumb/v7e-m+fp/hard/libc_nano.a(libc_a-errno.o)
 .debug_rnglists
                0x00000d7e       0x13 /usr/lib/gcc/arm-none-eabi/14.2.0/../../../../arm-none-eabi/lib/thumb/v7e-m+fp/hard/libc_nano.a(libc_a-init.o)
 .debug_rnglists
                0x00000d91       0x49 /usr/lib/gcc/arm-none-eabi/14.2.0/../../../../arm-none-eabi/lib/thumb/v7e-m+fp/hard/libc_nano.a(libc_a-lock.o)
 .debug_rnglists
                0x00000dda       0x13 /usr/lib/gcc/arm-none-eabi/14.2.0/../../../../arm-none-eabi/lib/thumb/v7e-m+fp/hard/libc_nano.a(libc_a-memcpy-stub.o)
 .debug_rnglists
                0x00000ded       0x14 /usr/lib/gcc/arm-none-eabi/14.2.0/../../../../arm-none-eabi/lib/thumb/v7e-m+fp/hard/libc_nano.a(libc_a-freer.o)
 .debug_rnglists
                0x00000e01       0x2c /usr/lib/gcc/arm-none-eabi/14.2.0/../../../../arm-none-eabi/lib/thumb/v7e-m+fp/hard/libc_nano.a(libc_a-mallocr.o)
 .debug_rnglists
                0x00000e2d       0x19 /usr/lib/gcc/arm-none-eabi/14.2.0/../../../../arm-none-eabi/lib/thumb/v7e-m+fp/hard/libc_nano.a(libc_a-mlock.o)
 .debug_rnglists
                0x00000e46       0x40 /usr/lib/gcc/arm-none-eabi/14.2.0/../../../../arm-none-eabi/lib/thumb/v7e-m+fp/hard/libc_nano.a(libc_a-nano-svfprintf.o)
 .debug_rnglists
                0x00000e86       0x61 /usr/lib/gcc/arm-none-eabi/14.2.0/../../../../arm-none-eabi/lib/thumb/v7e-m+fp/hard/libc_nano.a(libc_a-nano-vfprintf_i.o)
 .debug_rnglists
                0x00000ee7       0x13 /usr/lib/gcc/arm-none-eabi/14.2.0/../../../../arm-none-eabi/lib/thumb/v7e-m+fp/hard/libc_nano.a(libc_a-memmove.o)
 .debug_rnglists
                0x00000efa       0x13 /usr/lib/gcc/arm-none-eabi/14.2.0/../../../../arm-none-eabi/lib/thumb/v7e-m+fp/hard/libc_nano.a(libc_a-sbrkr.o)
 .debug_rnglists
                0x00000f0d       0x13 /usr/lib/gcc/arm-none-eabi/14.2.0/../../../../arm-none-eabi/lib/thumb/v7e-m+fp/hard/libc_nano.a(libc_a-reallocr.o)
 .debug_rnglists
                0x00000f20       0x13 /usr/lib/gcc/arm-none-eabi/14.2.0/../../../../arm-none-eabi/lib/thumb/v7e-m+fp/hard/libc_nano.a(libc_a-msizer.o)
 .debug_rnglists
                0x00000f33       0x73 /usr/lib/gcc/arm-none-eabi/14.2.0/thumb/v7e-m+fp/hard/libgcc.a(_udivmoddi4.o)

.debug_line     0x00000000    0x159f3
 .debug_line    0x00000000      0x7ff build/main.o
 .debug_line    0x000007ff      0x272 build/pcf8574.o
 .debug_line    0x00000a71      0xd05 build/ssd1306.o
 .debug_line    0x00001776       0xc5 build/ssd1306_fonts.o
 .debug_line    0x0000183b      0x56c build/stm32f4xx_hal_msp.o
 .debug_line    0x00001da7      0x2e2 build/stm32f4xx_it.o
 .debug_line    0x00002089      0x13c build/sysmem.o
 .debug_line    0x000021c5      0x1f5 build/system_stm32f4xx.o
 .debug_line    0x000023ba      0xca8 build/welder.o
 .debug_line    0x00003062      0x50f build/stm32f4xx_hal.o
 .debug_line    0x00003571      0xf6e build/stm32f4xx_hal_adc.o
 .debug_line    0x000044df      0x7d2 build/stm32f4xx_hal_cortex.o
 .debug_line    0x00004cb1      0xdc8 build/stm32f4xx_hal_dma.o
 .debug_line    0x00005a79      0x661 build/stm32f4xx_hal_gpio.o
 .debug_line    0x000060da     0x5387 build/stm32f4xx_hal_i2c.o
 .debug_line    0x0000b461      0xb71 build/stm32f4xx_hal_rcc.o
 .debug_line    0x0000bfd2     0x45cf build/stm32f4xx_hal_tim.o
 .debug_line    0x000105a1     0x198b build/stm32f4xx_hal_tim_ex.o
 .debug_line    0x00011f2c       0x76 build/startup_stm32f401xc.o
 .debug_line    0x00011fa2      0x56e /usr/lib/gcc/arm-none-eabi/14.2.0/../../../../arm-none-eabi/lib/thumb/v7e-m+fp/hard/libc_nano.a(libc_a-findfp.o)
 .debug_line    0x00012510      0x2f4 /usr/lib/gcc/arm-none-eabi/14.2.0/../../../../arm-none-eabi/lib/thumb/v7e-m+fp/hard/libc_nano.a(libc_a-snprintf.o)
 .debug_line    0x00012804      0x123 /usr/lib/gcc/arm-none-eabi/14.2.0/../../../../arm-none-eabi/lib/thumb/v7e-m+fp/hard/libc_nano.a(libc_a-memset.o)
 .debug_line    0x00012927      0x292 /usr/lib/gcc/arm-none-eabi/14.2.0/../../../../arm-none-eabi/lib/thumb/v7e-m+fp/hard/libc_nano.a(libc_a-reent.o)
 .debug_line    0x00012bb9      0x108 /usr/lib/gcc/arm-none-eabi/14.2.0/../../../../arm-none-eabi/lib/thumb/v7e-m+fp/hard/libc_nano.a(libc_a-impure.o)
 .debug_line    0x00012cc1      0x12a /usr/lib/gcc/arm-none-eabi/14.2.0/../../../../arm-none-eabi/lib/thumb/v7e-m+fp/hard/libc_nano.a(libc_a-errno.o)
 .debug_line    0x00012deb      0x115 /usr/lib/gcc/arm-none-eabi/14.2.0/../../../../arm-none-eabi/lib/thumb/v7e-m+fp/hard/libc_nano.a(libc_a-init.o)
 .debug_line    0x00012f00      0x17d /usr/lib/gcc/arm-none-eabi/14.2.0/../../../../arm-none-eabi/lib/thumb/v7e-m+fp/hard/libc_nano.a(libc_a-lock.o)
 .debug_line    0x0001307d      0x191 /usr/lib/gcc/arm-none-eabi/14.2.0/../../../../arm-none-eabi/lib/thumb/v7e-m+fp/hard/libc_nano.a(libc_a-memcpy-stub.o)
 .debug_line    0x0001320e      0x2aa /usr/lib/gcc/arm-none-eabi/14.2.0/../../../../arm-none-eabi/lib/thumb/v7e-m+fp/hard/libc_nano.a(libc_a-freer.o)
 .debug_line    0x000134b8      0x47a /usr/lib/gcc/arm-none-eabi/14.2.0/../../../../arm-none-eabi/lib/thumb/v7e-m+fp/hard/libc_nano.a(libc_a-mallocr.o)
 .debug_line    0x00013932      0x18a /usr/lib/gcc/arm-none-eabi/14.2.0/../../../../arm-none-eabi/lib/thumb/v7e-m+fp/hard/libc_nano.a(libc_a-mlock.o)
 .debug_line    0x00013abc      0x80f /usr/lib/gcc/arm-none-eabi/14.2.0/../../../../arm-none-eabi/lib/thumb/v7e-m+fp/hard/libc_nano.a(libc_a-nano-svfprintf.o)
 .debug_line    0x000142cb      0x6a7 /usr/lib/gcc/arm-none-eabi/14.2.0/../../../../arm-none-eabi/lib/thumb/v7e-m+fp/hard/libc_nano.a(libc_a-nano-vfprintf_i.o)
 .debug_line    0x00014972      0x160 /usr/lib/gcc/arm-none-eabi/14.2.0/../../../../arm-none-eabi/lib/thumb/v7e-m+fp/hard/libc_nano.a(libc_a-memmove.o)
 .debug_line    0x00014ad2      0x1bc /usr/lib/gcc/arm-none-eabi/14.2.0/../../../../arm-none-eabi/lib/thumb/v7e-m+fp/hard/libc_nano.a(libc_a-sbrkr.o)
 .debug_line    0x00014c8e       0x84 /usr/lib/gcc/arm-none-eabi/14.2.0/../../../../arm-none-eabi/lib/thumb/v7e-m+fp/hard/libc_nano.a(libc_a-memchr.o)
 .debug_line    0x00014d12      0x20f /usr/lib/gcc/arm-none-eabi/14.2.0/../../../../arm-none-eabi/lib/thumb/v7e-m+fp/hard/libc_nano.a(libc_a-reallocr.o)
 .debug_line    0x00014f21      0x1a2 /usr/lib/gcc/arm-none-eabi/14.2.0/../../../../arm-none-eabi/lib/thumb/v7e-m+fp/hard/libc_nano.a(libc_a-msizer.o)
 .debug_line    0x000150c3      0x16f /usr/lib/gcc/arm-none-eabi/14.2.0/thumb/v7e-m+fp/hard/libgcc.a(_arm_addsubdf3.o)
 .debug_line    0x00015232      0x184 /usr/lib/gcc/arm-none-eabi/14.2.0/thumb/v7e-m+fp/hard/libgcc.a(_arm_muldivdf3.o)
 .debug_line    0x000153b6       0x5e /usr/lib/gcc/arm-none-eabi/14.2.0/thumb/v7e-m+fp/hard/libgcc.a(_arm_fixunsdfsi.o)
 .debug_line    0x00015414       0x4e /usr/lib/gcc/arm-none-eabi/14.2.0/thumb/v7e-m+fp/hard/libgcc.a(_aeabi_uldivmod.o)
 .debug_line    0x00015462      0x547 /usr/lib/gcc/arm-none-eabi/14.2.0/thumb/v7e-m+fp/hard/libgcc.a(_udivmoddi4.o)
 .debug_line    0x000159a9       0x4a /usr/lib/gcc/arm-none-eabi/14.2.0/thumb/v7e-m+fp/hard/libgcc.a(_dvmd_tls.o)

.debug_str      0x00000000     0x642c
 .debug_str     0x00000000     0x642c build/main.o
                               0x1588 (size before relaxing)
 .debug_str     0x0000642c      0x7ac build/pcf8574.o
 .debug_str     0x0000642c      0xb5d build/ssd1306.o
 .debug_str     0x0000642c      0x23d build/ssd1306_fonts.o
 .debug_str     0x0000642c     0x119d build/stm32f4xx_hal_msp.o
 .debug_str     0x0000642c      0x838 build/stm32f4xx_it.o
 .debug_str     0x0000642c      0x204 build/sysmem.o
 .debug_str     0x0000642c      0x366 build/system_stm32f4xx.o
 .debug_str     0x0000642c     0x110e build/welder.o
 .debug_str     0x0000642c      0x9f3 build/stm32f4xx_hal.o
 .debug_str     0x0000642c      0x941 build/stm32f4xx_hal_adc.o
 .debug_str     0x0000642c      0xaf2 build/stm32f4xx_hal_cortex.o
 .debug_str     0x0000642c      0x755 build/stm32f4xx_hal_dma.o
 .debug_str     0x0000642c      0x4d1 build/stm32f4xx_hal_gpio.o
 .debug_str     0x0000642c     0x1021 build/stm32f4xx_hal_i2c.o
 .debug_str     0x0000642c      0x6f7 build/stm32f4xx_hal_rcc.o
 .debug_str     0x0000642c     0x16de build/stm32f4xx_hal_tim.o
 .debug_str     0x0000642c      0xeea build/stm32f4xx_hal_tim_ex.o
 .debug_str     0x0000642c       0x64 build/startup_stm32f401xc.o
 .debug_str     0x0000642c      0x762 /usr/lib/gcc/arm-none-eabi/14.2.0/../../../../arm-none-eabi/lib/thumb/v7e-m+fp/hard/libc_nano.a(libc_a-findfp.o)
 .debug_str     0x0000642c      0x52d /usr/lib/gcc/arm-none-eabi/14.2.0/../../../../arm-none-eabi/lib/thumb/v7e-m+fp/hard/libc_nano.a(libc_a-snprintf.o)
 .debug_str     0x0000642c      0x1bf /usr/lib/gcc/arm-none-eabi/14.2.0/../../../../arm-none-eabi/lib/thumb/v7e-m+fp/hard/libc_nano.a(libc_a-memset.o)
 .debug_str     0x0000642c      0x4fe /usr/lib/gcc/arm-none-eabi/14.2.0/../../../../arm-none-eabi/lib/thumb/v7e-m+fp/hard/libc_nano.a(libc_a-reent.o)
 .debug_str     0x0000642c      0x4df /usr/lib/gcc/arm-none-eabi/14.2.0/../../../../arm-none-eabi/lib/thumb/v7e-m+fp/hard/libc_nano.a(libc_a-impure.o)
 .debug_str     0x0000642c      0x4d9 /usr/lib/gcc/arm-none-eabi/14.2.0/../../../../arm-none-eabi/lib/thumb/v7e-m+fp/hard/libc_nano.a(libc_a-errno.o)
 .debug_str     0x0000642c      0x220 /usr/lib/gcc/arm-none-eabi/14.2.0/../../../../arm-none-eabi/lib/thumb/v7e-m+fp/hard/libc_nano.a(libc_a-init.o)
 .debug_str     0x0000642c      0x356 /usr/lib/gcc/arm-none-eabi/14.2.0/../../../../arm-none-eabi/lib/thumb/v7e-m+fp/hard/libc_nano.a(libc_a-lock.o)
 .debug_str     0x0000642c      0x1dd /usr/lib/gcc/arm-none-eabi/14.2.0/../../../../arm-none-eabi/lib/thumb/v7e-m+fp/hard/libc_nano.a(libc_a-memcpy-stub.o)
 .debug_str     0x0000642c      0x55f /usr/lib/gcc/arm-none-eabi/14.2.0/../../../../arm-none-eabi/lib/thumb/v7e-m+fp/hard/libc_nano.a(libc_a-freer.o)
 .debug_str     0x0000642c      0x5c0 /usr/lib/gcc/arm-none-eabi/14.2.0/../../../../arm-none-eabi/lib/thumb/v7e-m+fp/hard/libc_nano.a(libc_a-mallocr.o)
 .debug_str     0x0000642c      0x561 /usr/lib/gcc/arm-none-eabi/14.2.0/../../../../arm-none-eabi/lib/thumb/v7e-m+fp/hard/libc_nano.a(libc_a-mlock.o)
 .debug_str     0x0000642c      0x828 /usr/lib/gcc/arm-none-eabi/14.2.0/../../../../arm-none-eabi/lib/thumb/v7e-m+fp/hard/libc_nano.a(libc_a-nano-svfprintf.o)
 .debug_str     0x0000642c      0x7be /usr/lib/gcc/arm-none-eabi/14.2.0/../../../../arm-none-eabi/lib/thumb/v7e-m+fp/hard/libc_nano.a(libc_a-nano-vfprintf_i.o)
 .debug_str     0x0000642c      0x1da /usr/lib/gcc/arm-none-eabi/14.2.0/../../../../arm-none-eabi/lib/thumb/v7e-m+fp/hard/libc_nano.a(libc_a-memmove.o)
 .debug_str     0x0000642c      0x4e8 /usr/lib/gcc/arm-none-eabi/14.2.0/../../../../arm-none-eabi/lib/thumb/v7e-m+fp/hard/libc_nano.a(libc_a-sbrkr.o)
 .debug_str     0x0000642c       0xa9 /usr/lib/gcc/arm-none-eabi/14.2.0/../../../../arm-none-eabi/lib/thumb/v7e-m+fp/hard/libc_nano.a(libc_a-memchr.o)
 .debug_str     0x0000642c      0x555 /usr/lib/gcc/arm-none-eabi/14.2.0/../../../../arm-none-eabi/lib/thumb/v7e-m+fp/hard/libc_nano.a(libc_a-reallocr.o)
 .debug_str     0x0000642c      0x528 /usr/lib/gcc/arm-none-eabi/14.2.0/../../../../arm-none-eabi/lib/thumb/v7e-m+fp/hard/libc_nano.a(libc_a-msizer.o)
 .debug_str     0x0000642c      0x14f /usr/lib/gcc/arm-none-eabi/14.2.0/thumb/v7e-m+fp/hard/libgcc.a(_arm_addsubdf3.o)
 .debug_str     0x0000642c       0xcf /usr/lib/gcc/arm-none-eabi/14.2.0/thumb/v7e-m+fp/hard/libgcc.a(_arm_muldivdf3.o)
 .debug_str     0x0000642c       0xbe /usr/lib/gcc/arm-none-eabi/14.2.0/thumb/v7e-m+fp/hard/libgcc.a(_arm_fixunsdfsi.o)
 .debug_str     0x0000642c       0x9e /usr/lib/gcc/arm-none-eabi/14.2.0/thumb/v7e-m+fp/hard/libgcc.a(_aeabi_uldivmod.o)
 .debug_str     0x0000642c      0x6b6 /usr/lib/gcc/arm-none-eabi/14.2.0/thumb/v7e-m+fp/hard/libgcc.a(_udivmoddi4.o)
 .debug_str     0x0000642c       0xbe /usr/lib/gcc/arm-none-eabi/14.2.0/thumb/v7e-m+fp/hard/libgcc.a(_dvmd_tls.o)

.comment        0x00000000       0x3c
 .comment       0x00000000       0x3c build/main.o
                                 0x1f (size before relaxing)
 .comment       0x0000003c       0x1f build/pcf8574.o
 .comment       0x0000003c       0x1f build/ssd1306.o
 .comment       0x0000003c       0x1f build/ssd1306_fonts.o
 .comment       0x0000003c       0x1f build/stm32f4xx_hal_msp.o
 .comment       0x0000003c       0x1f build/stm32f4xx_it.o
 .comment       0x0000003c       0x1f build/sysmem.o
 .comment       0x0000003c       0x1f build/system_stm32f4xx.o
 .comment       0x0000003c       0x1f build/welder.o
 .comment       0x0000003c       0x1f build/stm32f4xx_hal.o
 .comment       0x0000003c       0x1f build/stm32f4xx_hal_adc.o
 .comment       0x0000003c       0x1f build/stm32f4xx_hal_cortex.o
 .comment       0x0000003c       0x1f build/stm32f4xx_hal_dma.o
 .comment       0x0000003c       0x1f build/stm32f4xx_hal_gpio.o
 .comment       0x0000003c       0x1f build/stm32f4xx_hal_i2c.o
 .comment       0x0000003c       0x1f build/stm32f4xx_hal_rcc.o
 .comment       0x0000003c       0x1f build/stm32f4xx_hal_tim.o
 .comment       0x0000003c       0x1f build/stm32f4xx_hal_tim_ex.o
 .comment       0x0000003c       0x1f /usr/lib/gcc/arm-none-eabi/14.2.0/../../../../arm-none-eabi/lib/thumb/v7e-m+fp/hard/libc_nano.a(libc_a-findfp.o)
 .comment       0x0000003c       0x1f /usr/lib/gcc/arm-none-eabi/14.2.0/../../../../arm-none-eabi/lib/thumb/v7e-m+fp/hard/libc_nano.a(libc_a-snprintf.o)
 .comment       0x0000003c       0x1f /usr/lib/gcc/arm-none-eabi/14.2.0/../../../../arm-none-eabi/lib/thumb/v7e-m+fp/hard/libc_nano.a(libc_a-memset.o)
 .comment       0x0000003c       0x1f /usr/lib/gcc/arm-none-eabi/14.2.0/../../../../arm-none-eabi/lib/thumb/v7e-m+fp/hard/libc_nano.a(libc_a-reent.o)
 .comment       0x0000003c       0x1f /usr/lib/gcc/arm-none-eabi/14.2.0/../../../../arm-none-eabi/lib/thumb/v7e-m+fp/hard/libc_nano.a(libc_a-impure.o)
 .comment       0x0000003c       0x1f /usr/lib/gcc/arm-none-eabi/14.2.0/../../../../arm-none-eabi/lib/thumb/v7e-m+fp/hard/libc_nano.a(libc_a-errno.o)
 .comment       0x0000003c       0x1f /usr/lib/gcc/arm-none-eabi/14.2.0/../../../../arm-none-eabi/lib/thumb/v7e-m+fp/hard/libc_nano.a(libc_a-init.o)
 .comment       0x0000003c       0x1f /usr/lib/gcc/arm-none-eabi/14.2.0/../../../../arm-none-eabi/lib/thumb/v7e-m+fp/hard/libc_nano.a(libc_a-lock.o)
 .comment       0x0000003c       0x1f /usr/lib/gcc/arm-none-eabi/14.2.0/../../../../arm-none-eabi/lib/thumb/v7e-m+fp/hard/libc_nano.a(libc_a-memcpy-stub.o)
 .comment       0x0000003c       0x1f /usr/lib/gcc/arm-none-eabi/14.2.0/../../../../arm-none-eabi/lib/thumb/v7e-m+fp/hard/libc_nano.a(libc_a-freer.o)
 .comment       0x0000003c       0x1f /usr/lib/gcc/arm-none-eabi/14.2.0/../../../../arm-none-eabi/lib/thumb/v7e-m+fp/hard/libc_nano.a(libc_a-mallocr.o)
 .comment       0x0000003c       0x1f /usr/lib/gcc/arm-none-eabi/14.2.0/../../../../arm-none-eabi/lib/thumb/v7e-m+fp/hard/libc_nano.a(libc_a-mlock.o)
 .comment       0x0000003c       0x1f /usr/lib/gcc/arm-none-eabi/14.2.0/../../../../arm-none-eabi/lib/thumb/v7e-m+fp/hard/libc_nano.a(libc_a-nano-svfprintf.o)
 .comment       0x0000003c       0x1f /usr/lib/gcc/arm-none-eabi/14.2.0/../../../../arm-none-eabi/lib/thumb/v7e-m+fp/hard/libc_nano.a(libc_a-nano-vfprintf_i.o)
 .comment       0x0000003c       0x1f /usr/lib/gcc/arm-none-eabi/14.2.0/../../../../arm-none-eabi/lib/thumb/v7e-m+fp/hard/libc_nano.a(libc_a-memmove.o)
 .comment       0x0000003c       0x1f /usr/lib/gcc/arm-none-eabi/14.2.0/../../../../arm-none-eabi/lib/thumb/v7e-m+fp/hard/libc_nano.a(libc_a-sbrkr.o)
 .comment       0x0000003c       0x1f /usr/lib/gcc/arm-none-eabi/14.2.0/../../../../arm-none-eabi/lib/thumb/v7e-m+fp/hard/libc_nano.a(libc_a-reallocr.o)
 .comment       0x0000003c       0x1f /usr/lib/gcc/arm-none-eabi/14.2.0/../../../../arm-none-eabi/lib/thumb/v7e-m+fp/hard/libc_nano.a(libc_a-msizer.o)
 .comment       0x0000003c       0x1f /usr/lib/gcc/arm-none-eabi/14.2.0/thumb/v7e-m+fp/hard/libgcc.a(_udivmoddi4.o)

.debug_frame    0x00000000     0x33e0
 .debug_frame   0x00000000      0x164 build/main.o
 .debug_frame   0x00000164       0xb0 build/pcf8574.o
 .debug_frame   0x00000214      0x39c build/ssd1306.o
 .debug_frame   0x000005b0      0x138 build/stm32f4xx_hal_msp.o
 .debug_frame   0x000006e8      0x128 build/stm32f4xx_it.o
 .debug_frame   0x00000810       0x28 build/sysmem.o
 .debug_frame   0x00000838       0x30 build/system_stm32f4xx.o
 .debug_frame   0x00000868      0x170 build/welder.o
 .debug_frame   0x000009d8      0x1ec build/stm32f4xx_hal.o
 .debug_frame   0x00000bc4      0x268 build/stm32f4xx_hal_adc.o
 .debug_frame   0x00000e2c      0x214 build/stm32f4xx_hal_cortex.o
 .debug_frame   0x00001040      0x188 build/stm32f4xx_hal_dma.o
 .debug_frame   0x000011c8       0xd8 build/stm32f4xx_hal_gpio.o
 .debug_frame   0x000012a0      0x988 build/stm32f4xx_hal_i2c.o
 .debug_frame   0x00001c28      0x16c build/stm32f4xx_hal_rcc.o
 .debug_frame   0x00001d94      0xb20 build/stm32f4xx_hal_tim.o
 .debug_frame   0x000028b4      0x418 build/stm32f4xx_hal_tim_ex.o
 .debug_frame   0x00002ccc      0x144 /usr/lib/gcc/arm-none-eabi/14.2.0/../../../../arm-none-eabi/lib/thumb/v7e-m+fp/hard/libc_nano.a(libc_a-findfp.o)
 .debug_frame   0x00002e10       0x7c /usr/lib/gcc/arm-none-eabi/14.2.0/../../../../arm-none-eabi/lib/thumb/v7e-m+fp/hard/libc_nano.a(libc_a-snprintf.o)
 .debug_frame   0x00002e8c       0x20 /usr/lib/gcc/arm-none-eabi/14.2.0/../../../../arm-none-eabi/lib/thumb/v7e-m+fp/hard/libc_nano.a(libc_a-memset.o)
 .debug_frame   0x00002eac       0x38 /usr/lib/gcc/arm-none-eabi/14.2.0/../../../../arm-none-eabi/lib/thumb/v7e-m+fp/hard/libc_nano.a(libc_a-reent.o)
 .debug_frame   0x00002ee4       0x20 /usr/lib/gcc/arm-none-eabi/14.2.0/../../../../arm-none-eabi/lib/thumb/v7e-m+fp/hard/libc_nano.a(libc_a-errno.o)
 .debug_frame   0x00002f04       0x2c /usr/lib/gcc/arm-none-eabi/14.2.0/../../../../arm-none-eabi/lib/thumb/v7e-m+fp/hard/libc_nano.a(libc_a-init.o)
 .debug_frame   0x00002f30       0xb0 /usr/lib/gcc/arm-none-eabi/14.2.0/../../../../arm-none-eabi/lib/thumb/v7e-m+fp/hard/libc_nano.a(libc_a-lock.o)
 .debug_frame   0x00002fe0       0x28 /usr/lib/gcc/arm-none-eabi/14.2.0/../../../../arm-none-eabi/lib/thumb/v7e-m+fp/hard/libc_nano.a(libc_a-memcpy-stub.o)
 .debug_frame   0x00003008       0x38 /usr/lib/gcc/arm-none-eabi/14.2.0/../../../../arm-none-eabi/lib/thumb/v7e-m+fp/hard/libc_nano.a(libc_a-freer.o)
 .debug_frame   0x00003040       0x50 /usr/lib/gcc/arm-none-eabi/14.2.0/../../../../arm-none-eabi/lib/thumb/v7e-m+fp/hard/libc_nano.a(libc_a-mallocr.o)
 .debug_frame   0x00003090       0x30 /usr/lib/gcc/arm-none-eabi/14.2.0/../../../../arm-none-eabi/lib/thumb/v7e-m+fp/hard/libc_nano.a(libc_a-mlock.o)
 .debug_frame   0x000030c0       0x90 /usr/lib/gcc/arm-none-eabi/14.2.0/../../../../arm-none-eabi/lib/thumb/v7e-m+fp/hard/libc_nano.a(libc_a-nano-svfprintf.o)
 .debug_frame   0x00003150       0x60 /usr/lib/gcc/arm-none-eabi/14.2.0/../../../../arm-none-eabi/lib/thumb/v7e-m+fp/hard/libc_nano.a(libc_a-nano-vfprintf_i.o)
 .debug_frame   0x000031b0       0x28 /usr/lib/gcc/arm-none-eabi/14.2.0/../../../../arm-none-eabi/lib/thumb/v7e-m+fp/hard/libc_nano.a(libc_a-memmove.o)
 .debug_frame   0x000031d8       0x2c /usr/lib/gcc/arm-none-eabi/14.2.0/../../../../arm-none-eabi/lib/thumb/v7e-m+fp/hard/libc_nano.a(libc_a-sbrkr.o)
 .debug_frame   0x00003204       0x3c /usr/lib/gcc/arm-none-eabi/14.2.0/../../../../arm-none-eabi/lib/thumb/v7e-m+fp/hard/libc_nano.a(libc_a-reallocr.o)
 .debug_frame   0x00003240       0x20 /usr/lib/gcc/arm-none-eabi/14.2.0/../../../../arm-none-eabi/lib/thumb/v7e-m+fp/hard/libc_nano.a(libc_a-msizer.o)
 .debug_frame   0x00003260       0xac /usr/lib/gcc/arm-none-eabi/14.2.0/thumb/v7e-m+fp/hard/libgcc.a(_arm_addsubdf3.o)
 .debug_frame   0x0000330c       0x50 /usr/lib/gcc/arm-none-eabi/14.2.0/thumb/v7e-m+fp/hard/libgcc.a(_arm_muldivdf3.o)
 .debug_frame   0x0000335c       0x24 /usr/lib/gcc/arm-none-eabi/14.2.0/thumb/v7e-m+fp/hard/libgcc.a(_arm_fixunsdfsi.o)
 .debug_frame   0x00003380       0x2c /usr/lib/gcc/arm-none-eabi/14.2.0/thumb/v7e-m+fp/hard/libgcc.a(_aeabi_uldivmod.o)
 .debug_frame   0x000033ac       0x34 /usr/lib/gcc/arm-none-eabi/14.2.0/thumb/v7e-m+fp/hard/libgcc.a(_udivmoddi4.o)

.debug_loclists
                0x00000000     0xd2ae
 .debug_loclists
                0x00000000      0x1bb build/pcf8574.o
 .debug_loclists
                0x000001bb      0xedc build/ssd1306.o
 .debug_loclists
                0x00001097      0x1f9 build/stm32f4xx_hal_msp.o
 .debug_loclists
                0x00001290       0x52 build/sysmem.o
 .debug_loclists
                0x000012e2       0xe7 build/system_stm32f4xx.o
 .debug_loclists
                0x000013c9      0x380 build/welder.o
 .debug_loclists
                0x00001749       0xe1 build/stm32f4xx_hal.o
 .debug_loclists
                0x0000182a      0x8a0 build/stm32f4xx_hal_adc.o
 .debug_loclists
                0x000020ca      0x54d build/stm32f4xx_hal_cortex.o
 .debug_loclists
                0x00002617      0x88a build/stm32f4xx_hal_dma.o
 .debug_loclists
                0x00002ea1      0x386 build/stm32f4xx_hal_gpio.o
 .debug_loclists
                0x00003227     0x3174 build/stm32f4xx_hal_i2c.o
 .debug_loclists
                0x0000639b      0x3db build/stm32f4xx_hal_rcc.o
 .debug_loclists
                0x00006776     0x3805 build/stm32f4xx_hal_tim.o
 .debug_loclists
                0x00009f7b     0x13f6 build/stm32f4xx_hal_tim_ex.o
 .debug_loclists
                0x0000b371      0x2b6 /usr/lib/gcc/arm-none-eabi/14.2.0/../../../../arm-none-eabi/lib/thumb/v7e-m+fp/hard/libc_nano.a(libc_a-findfp.o)
 .debug_loclists
                0x0000b627      0x144 /usr/lib/gcc/arm-none-eabi/14.2.0/../../../../arm-none-eabi/lib/thumb/v7e-m+fp/hard/libc_nano.a(libc_a-snprintf.o)
 .debug_loclists
                0x0000b76b       0x4d /usr/lib/gcc/arm-none-eabi/14.2.0/../../../../arm-none-eabi/lib/thumb/v7e-m+fp/hard/libc_nano.a(libc_a-memset.o)
 .debug_loclists
                0x0000b7b8       0x9c /usr/lib/gcc/arm-none-eabi/14.2.0/../../../../arm-none-eabi/lib/thumb/v7e-m+fp/hard/libc_nano.a(libc_a-reent.o)
 .debug_loclists
                0x0000b854       0x54 /usr/lib/gcc/arm-none-eabi/14.2.0/../../../../arm-none-eabi/lib/thumb/v7e-m+fp/hard/libc_nano.a(libc_a-init.o)
 .debug_loclists
                0x0000b8a8       0x29 /usr/lib/gcc/arm-none-eabi/14.2.0/../../../../arm-none-eabi/lib/thumb/v7e-m+fp/hard/libc_nano.a(libc_a-lock.o)
 .debug_loclists
                0x0000b8d1       0xad /usr/lib/gcc/arm-none-eabi/14.2.0/../../../../arm-none-eabi/lib/thumb/v7e-m+fp/hard/libc_nano.a(libc_a-memcpy-stub.o)
 .debug_loclists
                0x0000b97e       0xe0 /usr/lib/gcc/arm-none-eabi/14.2.0/../../../../arm-none-eabi/lib/thumb/v7e-m+fp/hard/libc_nano.a(libc_a-freer.o)
 .debug_loclists
                0x0000ba5e      0x23a /usr/lib/gcc/arm-none-eabi/14.2.0/../../../../arm-none-eabi/lib/thumb/v7e-m+fp/hard/libc_nano.a(libc_a-mallocr.o)
 .debug_loclists
                0x0000bc98       0x46 /usr/lib/gcc/arm-none-eabi/14.2.0/../../../../arm-none-eabi/lib/thumb/v7e-m+fp/hard/libc_nano.a(libc_a-mlock.o)
 .debug_loclists
                0x0000bcde      0x4c3 /usr/lib/gcc/arm-none-eabi/14.2.0/../../../../arm-none-eabi/lib/thumb/v7e-m+fp/hard/libc_nano.a(libc_a-nano-svfprintf.o)
 .debug_loclists
                0x0000c1a1      0x449 /usr/lib/gcc/arm-none-eabi/14.2.0/../../../../arm-none-eabi/lib/thumb/v7e-m+fp/hard/libc_nano.a(libc_a-nano-vfprintf_i.o)
 .debug_loclists
                0x0000c5ea      0x149 /usr/lib/gcc/arm-none-eabi/14.2.0/../../../../arm-none-eabi/lib/thumb/v7e-m+fp/hard/libc_nano.a(libc_a-memmove.o)
 .debug_loclists
                0x0000c733       0x58 /usr/lib/gcc/arm-none-eabi/14.2.0/../../../../arm-none-eabi/lib/thumb/v7e-m+fp/hard/libc_nano.a(libc_a-sbrkr.o)
 .debug_loclists
                0x0000c78b      0x137 /usr/lib/gcc/arm-none-eabi/14.2.0/../../../../arm-none-eabi/lib/thumb/v7e-m+fp/hard/libc_nano.a(libc_a-reallocr.o)
 .debug_loclists
                0x0000c8c2       0x68 /usr/lib/gcc/arm-none-eabi/14.2.0/../../../../arm-none-eabi/lib/thumb/v7e-m+fp/hard/libc_nano.a(libc_a-msizer.o)
 .debug_loclists
                0x0000c92a      0x984 /usr/lib/gcc/arm-none-eabi/14.2.0/thumb/v7e-m+fp/hard/libgcc.a(_udivmoddi4.o)

.debug_line_str
                0x00000000      0x192
 .debug_line_str
                0x00000000      0x192 build/startup_stm32f401xc.o
                                 0x4a (size before relaxing)
 .debug_line_str
                0x00000192       0x9d /usr/lib/gcc/arm-none-eabi/14.2.0/../../../../arm-none-eabi/lib/thumb/v7e-m+fp/hard/libc_nano.a(libc_a-memchr.o)
 .debug_line_str
                0x00000192       0x97 /usr/lib/gcc/arm-none-eabi/14.2.0/thumb/v7e-m+fp/hard/libgcc.a(_arm_addsubdf3.o)
 .debug_line_str
                0x00000192       0x97 /usr/lib/gcc/arm-none-eabi/14.2.0/thumb/v7e-m+fp/hard/libgcc.a(_arm_muldivdf3.o)
 .debug_line_str
                0x00000192       0x97 /usr/lib/gcc/arm-none-eabi/14.2.0/thumb/v7e-m+fp/hard/libgcc.a(_arm_fixunsdfsi.o)
 .debug_line_str
                0x00000192       0x92 /usr/lib/gcc/arm-none-eabi/14.2.0/thumb/v7e-m+fp/hard/libgcc.a(_aeabi_uldivmod.o)
 .debug_line_str
                0x00000192       0x96 /usr/lib/gcc/arm-none-eabi/14.2.0/thumb/v7e-m+fp/hard/libgcc.a(_dvmd_tls.o)
